Archive member included to satisfy reference by file (symbol)

c:/intelfpga_lite/19.1/nios2eds/bin/gnu/h-x86_64-mingw32/bin/../lib/gcc/nios2-elf/8.3.1/../../../../../H-x86_64-mingw32/nios2-elf/lib/mno-hw-mul\libsmallc.a(lib_a-printf.o)
                              obj/default/hello_world_small.o (printf)
c:/intelfpga_lite/19.1/nios2eds/bin/gnu/h-x86_64-mingw32/bin/../lib/gcc/nios2-elf/8.3.1/../../../../../H-x86_64-mingw32/nios2-elf/lib/mno-hw-mul\libsmallc.a(lib_a-puts.o)
                              obj/default/hello_world_small.o (puts)
c:/intelfpga_lite/19.1/nios2eds/bin/gnu/h-x86_64-mingw32/bin/../lib/gcc/nios2-elf/8.3.1/../../../../../H-x86_64-mingw32/nios2-elf/lib/mno-hw-mul\libsmallc.a(lib_a-strlen.o)
                              c:/intelfpga_lite/19.1/nios2eds/bin/gnu/h-x86_64-mingw32/bin/../lib/gcc/nios2-elf/8.3.1/../../../../../H-x86_64-mingw32/nios2-elf/lib/mno-hw-mul\libsmallc.a(lib_a-puts.o) (strlen)
c:/intelfpga_lite/19.1/nios2eds/bin/gnu/h-x86_64-mingw32/bin/../lib/gcc/nios2-elf/8.3.1/../../../../../H-x86_64-mingw32/nios2-elf/lib/mno-hw-mul\libsmallc.a(lib_a-vfprintf.o)
                              c:/intelfpga_lite/19.1/nios2eds/bin/gnu/h-x86_64-mingw32/bin/../lib/gcc/nios2-elf/8.3.1/../../../../../H-x86_64-mingw32/nios2-elf/lib/mno-hw-mul\libsmallc.a(lib_a-printf.o) (___vfprintf_internal_r)
c:/intelfpga_lite/19.1/nios2eds/bin/gnu/h-x86_64-mingw32/bin/../lib/gcc/nios2-elf/8.3.1/../../../../../H-x86_64-mingw32/nios2-elf/lib/mno-hw-mul\libsmallc.a(lib_a-fvwrite_small_dev.o)
                              c:/intelfpga_lite/19.1/nios2eds/bin/gnu/h-x86_64-mingw32/bin/../lib/gcc/nios2-elf/8.3.1/../../../../../H-x86_64-mingw32/nios2-elf/lib/mno-hw-mul\libsmallc.a(lib_a-printf.o) (__sfvwrite_small_dev)
c:/intelfpga_lite/19.1/nios2eds/bin/gnu/h-x86_64-mingw32/bin/../lib/gcc/nios2-elf/8.3.1/../../../../../H-x86_64-mingw32/nios2-elf/lib/mno-hw-mul\libsmallc.a(lib_a-impure.o)
                              c:/intelfpga_lite/19.1/nios2eds/bin/gnu/h-x86_64-mingw32/bin/../lib/gcc/nios2-elf/8.3.1/../../../../../H-x86_64-mingw32/nios2-elf/lib/mno-hw-mul\libsmallc.a(lib_a-printf.o) (_impure_ptr)
c:/intelfpga_lite/19.1/nios2eds/bin/gnu/h-x86_64-mingw32/bin/../lib/gcc/nios2-elf/8.3.1/../../../../../H-x86_64-mingw32/nios2-elf/lib/mno-hw-mul\libsmallc.a(lib_a-writer.o)
                              c:/intelfpga_lite/19.1/nios2eds/bin/gnu/h-x86_64-mingw32/bin/../lib/gcc/nios2-elf/8.3.1/../../../../../H-x86_64-mingw32/nios2-elf/lib/mno-hw-mul\libsmallc.a(lib_a-fvwrite_small_dev.o) (_write_r)
c:/intelfpga_lite/19.1/nios2eds/bin/gnu/h-x86_64-mingw32/bin/../lib/gcc/nios2-elf/8.3.1/../../../../../H-x86_64-mingw32/nios2-elf/lib/mno-hw-mul\libsmallc.a(lib_a-int_errno.o)
                              c:/intelfpga_lite/19.1/nios2eds/bin/gnu/h-x86_64-mingw32/bin/../lib/gcc/nios2-elf/8.3.1/../../../../../H-x86_64-mingw32/nios2-elf/lib/mno-hw-mul\libsmallc.a(lib_a-writer.o) (errno)
c:/intelfpga_lite/19.1/nios2eds/bin/gnu/h-x86_64-mingw32/bin/../lib/gcc/nios2-elf/8.3.1/mno-hw-mul\libgcc.a(lib2-divmod.o)
                              c:/intelfpga_lite/19.1/nios2eds/bin/gnu/h-x86_64-mingw32/bin/../lib/gcc/nios2-elf/8.3.1/../../../../../H-x86_64-mingw32/nios2-elf/lib/mno-hw-mul\libsmallc.a(lib_a-vfprintf.o) (__udivsi3)
c:/intelfpga_lite/19.1/nios2eds/bin/gnu/h-x86_64-mingw32/bin/../lib/gcc/nios2-elf/8.3.1/mno-hw-mul\libgcc.a(lib2-mul.o)
                              c:/intelfpga_lite/19.1/nios2eds/bin/gnu/h-x86_64-mingw32/bin/../lib/gcc/nios2-elf/8.3.1/../../../../../H-x86_64-mingw32/nios2-elf/lib/mno-hw-mul\libsmallc.a(lib_a-vfprintf.o) (__mulsi3)
D:/Desktop/FPGA/Learn/hdmi_tx_1080p_60fps_nios_ii/software/n_bsp/\libhal_bsp.a(alt_load.o)
                              D:/Desktop/FPGA/Learn/hdmi_tx_1080p_60fps_nios_ii/software/n_bsp/obj/HAL/src/crt0.o (alt_load)
D:/Desktop/FPGA/Learn/hdmi_tx_1080p_60fps_nios_ii/software/n_bsp/\libhal_bsp.a(alt_main.o)
                              D:/Desktop/FPGA/Learn/hdmi_tx_1080p_60fps_nios_ii/software/n_bsp/obj/HAL/src/crt0.o (alt_main)
D:/Desktop/FPGA/Learn/hdmi_tx_1080p_60fps_nios_ii/software/n_bsp/\libhal_bsp.a(alt_write.o)
                              c:/intelfpga_lite/19.1/nios2eds/bin/gnu/h-x86_64-mingw32/bin/../lib/gcc/nios2-elf/8.3.1/../../../../../H-x86_64-mingw32/nios2-elf/lib/mno-hw-mul\libsmallc.a(lib_a-writer.o) (write)
D:/Desktop/FPGA/Learn/hdmi_tx_1080p_60fps_nios_ii/software/n_bsp/\libhal_bsp.a(alt_sys_init.o)
                              D:/Desktop/FPGA/Learn/hdmi_tx_1080p_60fps_nios_ii/software/n_bsp/\libhal_bsp.a(alt_main.o) (alt_irq_init)
D:/Desktop/FPGA/Learn/hdmi_tx_1080p_60fps_nios_ii/software/n_bsp/\libhal_bsp.a(altera_avalon_i2c.o)
                              obj/default/hello_world_small.o (alt_avalon_i2c_open)
D:/Desktop/FPGA/Learn/hdmi_tx_1080p_60fps_nios_ii/software/n_bsp/\libhal_bsp.a(altera_avalon_jtag_uart_write.o)
                              D:/Desktop/FPGA/Learn/hdmi_tx_1080p_60fps_nios_ii/software/n_bsp/\libhal_bsp.a(alt_write.o) (altera_avalon_jtag_uart_write)
D:/Desktop/FPGA/Learn/hdmi_tx_1080p_60fps_nios_ii/software/n_bsp/\libhal_bsp.a(alt_busy_sleep.o)
                              D:/Desktop/FPGA/Learn/hdmi_tx_1080p_60fps_nios_ii/software/n_bsp/\libhal_bsp.a(altera_avalon_i2c.o) (alt_busy_sleep)
D:/Desktop/FPGA/Learn/hdmi_tx_1080p_60fps_nios_ii/software/n_bsp/\libhal_bsp.a(alt_dcache_flush_all.o)
                              D:/Desktop/FPGA/Learn/hdmi_tx_1080p_60fps_nios_ii/software/n_bsp/\libhal_bsp.a(alt_load.o) (alt_dcache_flush_all)
D:/Desktop/FPGA/Learn/hdmi_tx_1080p_60fps_nios_ii/software/n_bsp/\libhal_bsp.a(alt_dev_llist_insert.o)
                              D:/Desktop/FPGA/Learn/hdmi_tx_1080p_60fps_nios_ii/software/n_bsp/\libhal_bsp.a(altera_avalon_i2c.o) (alt_dev_llist_insert)
D:/Desktop/FPGA/Learn/hdmi_tx_1080p_60fps_nios_ii/software/n_bsp/\libhal_bsp.a(alt_errno.o)
                              D:/Desktop/FPGA/Learn/hdmi_tx_1080p_60fps_nios_ii/software/n_bsp/\libhal_bsp.a(alt_write.o) (alt_errno)
D:/Desktop/FPGA/Learn/hdmi_tx_1080p_60fps_nios_ii/software/n_bsp/\libhal_bsp.a(alt_find_dev.o)
                              D:/Desktop/FPGA/Learn/hdmi_tx_1080p_60fps_nios_ii/software/n_bsp/\libhal_bsp.a(altera_avalon_i2c.o) (alt_find_dev)
D:/Desktop/FPGA/Learn/hdmi_tx_1080p_60fps_nios_ii/software/n_bsp/\libhal_bsp.a(alt_icache_flush_all.o)
                              D:/Desktop/FPGA/Learn/hdmi_tx_1080p_60fps_nios_ii/software/n_bsp/\libhal_bsp.a(alt_load.o) (alt_icache_flush_all)
D:/Desktop/FPGA/Learn/hdmi_tx_1080p_60fps_nios_ii/software/n_bsp/\libhal_bsp.a(alt_iic.o)
                              D:/Desktop/FPGA/Learn/hdmi_tx_1080p_60fps_nios_ii/software/n_bsp/\libhal_bsp.a(altera_avalon_i2c.o) (alt_ic_isr_register)
D:/Desktop/FPGA/Learn/hdmi_tx_1080p_60fps_nios_ii/software/n_bsp/\libhal_bsp.a(alt_iic_isr_register.o)
                              D:/Desktop/FPGA/Learn/hdmi_tx_1080p_60fps_nios_ii/software/n_bsp/\libhal_bsp.a(alt_iic.o) (alt_iic_isr_register)
D:/Desktop/FPGA/Learn/hdmi_tx_1080p_60fps_nios_ii/software/n_bsp/\libhal_bsp.a(alt_irq_entry.o)
                              D:/Desktop/FPGA/Learn/hdmi_tx_1080p_60fps_nios_ii/software/n_bsp/\libhal_bsp.a(alt_iic_isr_register.o) (alt_irq_entry)
D:/Desktop/FPGA/Learn/hdmi_tx_1080p_60fps_nios_ii/software/n_bsp/\libhal_bsp.a(alt_irq_handler.o)
                              D:/Desktop/FPGA/Learn/hdmi_tx_1080p_60fps_nios_ii/software/n_bsp/\libhal_bsp.a(alt_iic_isr_register.o) (alt_irq_handler)
D:/Desktop/FPGA/Learn/hdmi_tx_1080p_60fps_nios_ii/software/n_bsp/\libhal_bsp.a(alt_irq_vars.o)
                              D:/Desktop/FPGA/Learn/hdmi_tx_1080p_60fps_nios_ii/software/n_bsp/\libhal_bsp.a(alt_iic.o) (alt_irq_active)
D:/Desktop/FPGA/Learn/hdmi_tx_1080p_60fps_nios_ii/software/n_bsp/\libhal_bsp.a(altera_nios2_gen2_irq.o)
                              D:/Desktop/FPGA/Learn/hdmi_tx_1080p_60fps_nios_ii/software/n_bsp/\libhal_bsp.a(alt_sys_init.o) (altera_nios2_gen2_irq_init)
D:/Desktop/FPGA/Learn/hdmi_tx_1080p_60fps_nios_ii/software/n_bsp/\libhal_bsp.a(alt_exception_entry.o)
                              D:/Desktop/FPGA/Learn/hdmi_tx_1080p_60fps_nios_ii/software/n_bsp/\libhal_bsp.a(alt_irq_entry.o) (alt_exception)
D:/Desktop/FPGA/Learn/hdmi_tx_1080p_60fps_nios_ii/software/n_bsp/\libhal_bsp.a(alt_instruction_exception_entry.o)
                              D:/Desktop/FPGA/Learn/hdmi_tx_1080p_60fps_nios_ii/software/n_bsp/\libhal_bsp.a(alt_exception_entry.o) (alt_instruction_exception_entry)
c:/intelfpga_lite/19.1/nios2eds/bin/gnu/h-x86_64-mingw32/bin/../lib/gcc/nios2-elf/8.3.1/../../../../../H-x86_64-mingw32/nios2-elf/lib/mno-hw-mul\libsmallc.a(lib_a-memcmp.o)
                              D:/Desktop/FPGA/Learn/hdmi_tx_1080p_60fps_nios_ii/software/n_bsp/\libhal_bsp.a(alt_find_dev.o) (memcmp)

Allocating common symbols
Common symbol       size              file

alt_irq             0x100             D:/Desktop/FPGA/Learn/hdmi_tx_1080p_60fps_nios_ii/software/n_bsp/\libhal_bsp.a(alt_irq_handler.o)
errno               0x4               c:/intelfpga_lite/19.1/nios2eds/bin/gnu/h-x86_64-mingw32/bin/../lib/gcc/nios2-elf/8.3.1/../../../../../H-x86_64-mingw32/nios2-elf/lib/mno-hw-mul\libsmallc.a(lib_a-int_errno.o)

Memory Configuration

Name             Origin             Length             Attributes
reset            0x0000000000020000 0x0000000000000020
onchip_memory2_0 0x0000000000020020 0x000000000000fffd
*default*        0x0000000000000000 0xffffffffffffffff

Linker script and memory map

LOAD D:/Desktop/FPGA/Learn/hdmi_tx_1080p_60fps_nios_ii/software/n_bsp/obj/HAL/src/crt0.o
LOAD obj/default/hello_world_small.o
LOAD c:/intelfpga_lite/19.1/nios2eds/bin/gnu/h-x86_64-mingw32/bin/../lib/gcc/nios2-elf/8.3.1/../../../../../H-x86_64-mingw32/nios2-elf/lib/mno-hw-mul\libstdc++.a
LOAD c:/intelfpga_lite/19.1/nios2eds/bin/gnu/h-x86_64-mingw32/bin/../lib/gcc/nios2-elf/8.3.1/../../../../../H-x86_64-mingw32/nios2-elf/lib/mno-hw-mul\libm.a
LOAD c:/intelfpga_lite/19.1/nios2eds/bin/gnu/h-x86_64-mingw32/bin/../lib/gcc/nios2-elf/8.3.1/mno-hw-mul\libgcc.a
START GROUP
LOAD c:/intelfpga_lite/19.1/nios2eds/bin/gnu/h-x86_64-mingw32/bin/../lib/gcc/nios2-elf/8.3.1/../../../../../H-x86_64-mingw32/nios2-elf/lib/mno-hw-mul\libsmallc.a
LOAD c:/intelfpga_lite/19.1/nios2eds/bin/gnu/h-x86_64-mingw32/bin/../lib/gcc/nios2-elf/8.3.1/mno-hw-mul\libgcc.a
LOAD D:/Desktop/FPGA/Learn/hdmi_tx_1080p_60fps_nios_ii/software/n_bsp/\libhal_bsp.a
LOAD c:/intelfpga_lite/19.1/nios2eds/bin/gnu/h-x86_64-mingw32/bin/../lib/gcc/nios2-elf/8.3.1/../../../../../H-x86_64-mingw32/nios2-elf/lib/mno-hw-mul\libm.a
END GROUP
LOAD c:/intelfpga_lite/19.1/nios2eds/bin/gnu/h-x86_64-mingw32/bin/../lib/gcc/nios2-elf/8.3.1/mno-hw-mul\libgcc.a
                0x0000000000020000                __alt_mem_onchip_memory2_0 = 0x20000

.entry          0x0000000000020000       0x20
 *(.entry)
 .entry         0x0000000000020000       0x20 D:/Desktop/FPGA/Learn/hdmi_tx_1080p_60fps_nios_ii/software/n_bsp/obj/HAL/src/crt0.o
                0x0000000000020000                __reset
                0x000000000002000c                _exit

.exceptions     0x0000000000020020      0x160
                0x0000000000020020                PROVIDE (__ram_exceptions_start = ABSOLUTE (.))
                0x0000000000020020                . = ALIGN (0x20)
 *(.irq)
 *(.exceptions.entry.label)
 .exceptions.entry.label
                0x0000000000020020        0x0 D:/Desktop/FPGA/Learn/hdmi_tx_1080p_60fps_nios_ii/software/n_bsp/\libhal_bsp.a(alt_irq_entry.o)
                0x0000000000020020                alt_irq_entry
 .exceptions.entry.label
                0x0000000000020020        0x0 D:/Desktop/FPGA/Learn/hdmi_tx_1080p_60fps_nios_ii/software/n_bsp/\libhal_bsp.a(alt_exception_entry.o)
                0x0000000000020020                alt_exception
 *(.exceptions.entry.user)
 *(.exceptions.entry.ecc_fatal)
 *(.exceptions.entry)
 .exceptions.entry
                0x0000000000020020       0x54 D:/Desktop/FPGA/Learn/hdmi_tx_1080p_60fps_nios_ii/software/n_bsp/\libhal_bsp.a(alt_exception_entry.o)
 *(.exceptions.irqtest.user)
 *(.exceptions.irqtest)
 .exceptions.irqtest
                0x0000000000020074       0x10 D:/Desktop/FPGA/Learn/hdmi_tx_1080p_60fps_nios_ii/software/n_bsp/\libhal_bsp.a(alt_irq_entry.o)
 *(.exceptions.irqhandler.user)
 *(.exceptions.irqhandler)
 .exceptions.irqhandler
                0x0000000000020084        0x4 D:/Desktop/FPGA/Learn/hdmi_tx_1080p_60fps_nios_ii/software/n_bsp/\libhal_bsp.a(alt_irq_entry.o)
 *(.exceptions.irqreturn.user)
 *(.exceptions.irqreturn)
 .exceptions.irqreturn
                0x0000000000020088        0x4 D:/Desktop/FPGA/Learn/hdmi_tx_1080p_60fps_nios_ii/software/n_bsp/\libhal_bsp.a(alt_irq_entry.o)
 *(.exceptions.notirq.label)
 .exceptions.notirq.label
                0x000000000002008c        0x0 D:/Desktop/FPGA/Learn/hdmi_tx_1080p_60fps_nios_ii/software/n_bsp/\libhal_bsp.a(alt_irq_entry.o)
 *(.exceptions.notirq.user)
 *(.exceptions.notirq)
 .exceptions.notirq
                0x000000000002008c        0x8 D:/Desktop/FPGA/Learn/hdmi_tx_1080p_60fps_nios_ii/software/n_bsp/\libhal_bsp.a(alt_exception_entry.o)
 *(.exceptions.soft.user)
 *(.exceptions.soft)
 *(.exceptions.unknown.user)
 *(.exceptions.unknown)
 .exceptions.unknown
                0x0000000000020094       0x14 D:/Desktop/FPGA/Learn/hdmi_tx_1080p_60fps_nios_ii/software/n_bsp/\libhal_bsp.a(alt_exception_entry.o)
 *(.exceptions.exit.label)
 .exceptions.exit.label
                0x00000000000200a8        0x0 D:/Desktop/FPGA/Learn/hdmi_tx_1080p_60fps_nios_ii/software/n_bsp/\libhal_bsp.a(alt_irq_entry.o)
 .exceptions.exit.label
                0x00000000000200a8        0x0 D:/Desktop/FPGA/Learn/hdmi_tx_1080p_60fps_nios_ii/software/n_bsp/\libhal_bsp.a(alt_exception_entry.o)
 *(.exceptions.exit.user)
 *(.exceptions.exit)
 .exceptions.exit
                0x00000000000200a8       0x54 D:/Desktop/FPGA/Learn/hdmi_tx_1080p_60fps_nios_ii/software/n_bsp/\libhal_bsp.a(alt_exception_entry.o)
 *(.exceptions)
 .exceptions    0x00000000000200fc       0x60 D:/Desktop/FPGA/Learn/hdmi_tx_1080p_60fps_nios_ii/software/n_bsp/\libhal_bsp.a(alt_irq_handler.o)
                0x00000000000200fc                alt_irq_handler
 .exceptions    0x000000000002015c       0x24 D:/Desktop/FPGA/Learn/hdmi_tx_1080p_60fps_nios_ii/software/n_bsp/\libhal_bsp.a(alt_instruction_exception_entry.o)
                0x000000000002015c                alt_instruction_exception_entry
                0x0000000000020180                PROVIDE (__ram_exceptions_end = ABSOLUTE (.))
                0x0000000000020020                PROVIDE (__flash_exceptions_start = LOADADDR (.exceptions))

.text           0x0000000000020180     0x2038
                [!provide]                        PROVIDE (stext = ABSOLUTE (.))
 *(.interp)
 *(.hash)
 *(.dynsym)
 *(.dynstr)
 *(.gnu.version)
 *(.gnu.version_d)
 *(.gnu.version_r)
 *(.rel.init)
 *(.rela.init)
 *(.rel.text .rel.text.* .rel.gnu.linkonce.t.*)
 *(.rela.text .rela.text.* .rela.gnu.linkonce.t.*)
 *(.rel.fini)
 *(.rela.fini)
 *(.rel.rodata .rel.rodata.* .rel.gnu.linkonce.r.*)
 *(.rela.rodata .rela.rodata.* .rela.gnu.linkonce.r.*)
 *(.rel.data .rel.data.* .rel.gnu.linkonce.d.*)
 *(.rela.data .rela.data.* .rela.gnu.linkonce.d.*)
 *(.rel.tdata .rel.tdata.* .rel.gnu.linkonce.td.*)
 *(.rela.tdata .rela.tdata.* .rela.gnu.linkonce.td.*)
 *(.rel.tbss .rel.tbss.* .rel.gnu.linkonce.tb.*)
 *(.rela.tbss .rela.tbss.* .rela.gnu.linkonce.tb.*)
 *(.rel.ctors)
 *(.rela.ctors)
 *(.rel.dtors)
 *(.rela.dtors)
 *(.rel.got)
 *(.rela.got)
 *(.rel.sdata .rel.sdata.* .rel.gnu.linkonce.s.*)
 *(.rela.sdata .rela.sdata.* .rela.gnu.linkonce.s.*)
 *(.rel.sbss .rel.sbss.* .rel.gnu.linkonce.sb.*)
 *(.rela.sbss .rela.sbss.* .rela.gnu.linkonce.sb.*)
 *(.rel.sdata2 .rel.sdata2.* .rel.gnu.linkonce.s2.*)
 *(.rela.sdata2 .rela.sdata2.* .rela.gnu.linkonce.s2.*)
 *(.rel.sbss2 .rel.sbss2.* .rel.gnu.linkonce.sb2.*)
 *(.rela.sbss2 .rela.sbss2.* .rela.gnu.linkonce.sb2.*)
 *(.rel.bss .rel.bss.* .rel.gnu.linkonce.b.*)
 *(.rela.bss .rela.bss.* .rela.gnu.linkonce.b.*)
 *(.rel.plt)
 *(.rela.plt)
 *(.rel.dyn)
 *(.init)
 *(.plt)
 *(.text .stub .text.* .gnu.linkonce.t.*)
 .text          0x0000000000020180       0x3c D:/Desktop/FPGA/Learn/hdmi_tx_1080p_60fps_nios_ii/software/n_bsp/obj/HAL/src/crt0.o
                0x0000000000020180                _start
 .text          0x00000000000201bc        0x0 obj/default/hello_world_small.o
 .text.startup  0x00000000000201bc       0xe0 obj/default/hello_world_small.o
                0x00000000000201bc                main
 .text          0x000000000002029c        0x0 c:/intelfpga_lite/19.1/nios2eds/bin/gnu/h-x86_64-mingw32/bin/../lib/gcc/nios2-elf/8.3.1/../../../../../H-x86_64-mingw32/nios2-elf/lib/mno-hw-mul\libsmallc.a(lib_a-printf.o)
 .text._printf_r
                0x000000000002029c       0x3c c:/intelfpga_lite/19.1/nios2eds/bin/gnu/h-x86_64-mingw32/bin/../lib/gcc/nios2-elf/8.3.1/../../../../../H-x86_64-mingw32/nios2-elf/lib/mno-hw-mul\libsmallc.a(lib_a-printf.o)
                0x000000000002029c                _printf_r
 .text.printf   0x00000000000202d8       0x48 c:/intelfpga_lite/19.1/nios2eds/bin/gnu/h-x86_64-mingw32/bin/../lib/gcc/nios2-elf/8.3.1/../../../../../H-x86_64-mingw32/nios2-elf/lib/mno-hw-mul\libsmallc.a(lib_a-printf.o)
                0x00000000000202d8                printf
 .text          0x0000000000020320        0x0 c:/intelfpga_lite/19.1/nios2eds/bin/gnu/h-x86_64-mingw32/bin/../lib/gcc/nios2-elf/8.3.1/../../../../../H-x86_64-mingw32/nios2-elf/lib/mno-hw-mul\libsmallc.a(lib_a-puts.o)
 .text._puts_r  0x0000000000020320       0x84 c:/intelfpga_lite/19.1/nios2eds/bin/gnu/h-x86_64-mingw32/bin/../lib/gcc/nios2-elf/8.3.1/../../../../../H-x86_64-mingw32/nios2-elf/lib/mno-hw-mul\libsmallc.a(lib_a-puts.o)
                0x0000000000020320                _puts_r
 .text.puts     0x00000000000203a4       0x10 c:/intelfpga_lite/19.1/nios2eds/bin/gnu/h-x86_64-mingw32/bin/../lib/gcc/nios2-elf/8.3.1/../../../../../H-x86_64-mingw32/nios2-elf/lib/mno-hw-mul\libsmallc.a(lib_a-puts.o)
                0x00000000000203a4                puts
 .text          0x00000000000203b4        0x0 c:/intelfpga_lite/19.1/nios2eds/bin/gnu/h-x86_64-mingw32/bin/../lib/gcc/nios2-elf/8.3.1/../../../../../H-x86_64-mingw32/nios2-elf/lib/mno-hw-mul\libsmallc.a(lib_a-strlen.o)
 .text.strlen   0x00000000000203b4       0x1c c:/intelfpga_lite/19.1/nios2eds/bin/gnu/h-x86_64-mingw32/bin/../lib/gcc/nios2-elf/8.3.1/../../../../../H-x86_64-mingw32/nios2-elf/lib/mno-hw-mul\libsmallc.a(lib_a-strlen.o)
                0x00000000000203b4                strlen
 .text          0x00000000000203d0        0x0 c:/intelfpga_lite/19.1/nios2eds/bin/gnu/h-x86_64-mingw32/bin/../lib/gcc/nios2-elf/8.3.1/../../../../../H-x86_64-mingw32/nios2-elf/lib/mno-hw-mul\libsmallc.a(lib_a-vfprintf.o)
 .text.print_repeat
                0x00000000000203d0       0x6c c:/intelfpga_lite/19.1/nios2eds/bin/gnu/h-x86_64-mingw32/bin/../lib/gcc/nios2-elf/8.3.1/../../../../../H-x86_64-mingw32/nios2-elf/lib/mno-hw-mul\libsmallc.a(lib_a-vfprintf.o)
 .text.___vfprintf_internal_r
                0x000000000002043c      0x518 c:/intelfpga_lite/19.1/nios2eds/bin/gnu/h-x86_64-mingw32/bin/../lib/gcc/nios2-elf/8.3.1/../../../../../H-x86_64-mingw32/nios2-elf/lib/mno-hw-mul\libsmallc.a(lib_a-vfprintf.o)
                0x000000000002043c                ___vfprintf_internal_r
 .text.__vfprintf_internal
                0x0000000000020954       0x18 c:/intelfpga_lite/19.1/nios2eds/bin/gnu/h-x86_64-mingw32/bin/../lib/gcc/nios2-elf/8.3.1/../../../../../H-x86_64-mingw32/nios2-elf/lib/mno-hw-mul\libsmallc.a(lib_a-vfprintf.o)
                0x0000000000020954                __vfprintf_internal
 .text          0x000000000002096c        0x0 c:/intelfpga_lite/19.1/nios2eds/bin/gnu/h-x86_64-mingw32/bin/../lib/gcc/nios2-elf/8.3.1/../../../../../H-x86_64-mingw32/nios2-elf/lib/mno-hw-mul\libsmallc.a(lib_a-fvwrite_small_dev.o)
 .text.__sfvwrite_small_dev
                0x000000000002096c       0xa8 c:/intelfpga_lite/19.1/nios2eds/bin/gnu/h-x86_64-mingw32/bin/../lib/gcc/nios2-elf/8.3.1/../../../../../H-x86_64-mingw32/nios2-elf/lib/mno-hw-mul\libsmallc.a(lib_a-fvwrite_small_dev.o)
                0x000000000002096c                __sfvwrite_small_dev
 .text          0x0000000000020a14        0x0 c:/intelfpga_lite/19.1/nios2eds/bin/gnu/h-x86_64-mingw32/bin/../lib/gcc/nios2-elf/8.3.1/../../../../../H-x86_64-mingw32/nios2-elf/lib/mno-hw-mul\libsmallc.a(lib_a-impure.o)
 .text          0x0000000000020a14        0x0 c:/intelfpga_lite/19.1/nios2eds/bin/gnu/h-x86_64-mingw32/bin/../lib/gcc/nios2-elf/8.3.1/../../../../../H-x86_64-mingw32/nios2-elf/lib/mno-hw-mul\libsmallc.a(lib_a-writer.o)
 .text._write_r
                0x0000000000020a14       0x50 c:/intelfpga_lite/19.1/nios2eds/bin/gnu/h-x86_64-mingw32/bin/../lib/gcc/nios2-elf/8.3.1/../../../../../H-x86_64-mingw32/nios2-elf/lib/mno-hw-mul\libsmallc.a(lib_a-writer.o)
                0x0000000000020a14                _write_r
 .text          0x0000000000020a64        0x0 c:/intelfpga_lite/19.1/nios2eds/bin/gnu/h-x86_64-mingw32/bin/../lib/gcc/nios2-elf/8.3.1/../../../../../H-x86_64-mingw32/nios2-elf/lib/mno-hw-mul\libsmallc.a(lib_a-int_errno.o)
 .text          0x0000000000020a64      0x1b8 c:/intelfpga_lite/19.1/nios2eds/bin/gnu/h-x86_64-mingw32/bin/../lib/gcc/nios2-elf/8.3.1/mno-hw-mul\libgcc.a(lib2-divmod.o)
                0x0000000000020a64                __divsi3
                0x0000000000020ae4                __modsi3
                0x0000000000020b5c                __udivsi3
                0x0000000000020bc0                __umodsi3
 .text          0x0000000000020c1c       0x28 c:/intelfpga_lite/19.1/nios2eds/bin/gnu/h-x86_64-mingw32/bin/../lib/gcc/nios2-elf/8.3.1/mno-hw-mul\libgcc.a(lib2-mul.o)
                0x0000000000020c1c                __mulsi3
 .text          0x0000000000020c44       0xb4 D:/Desktop/FPGA/Learn/hdmi_tx_1080p_60fps_nios_ii/software/n_bsp/\libhal_bsp.a(alt_load.o)
                0x0000000000020c44                alt_load
 .text          0x0000000000020cf8       0x2c D:/Desktop/FPGA/Learn/hdmi_tx_1080p_60fps_nios_ii/software/n_bsp/\libhal_bsp.a(alt_main.o)
                0x0000000000020cf8                alt_main
 .text          0x0000000000020d24       0x60 D:/Desktop/FPGA/Learn/hdmi_tx_1080p_60fps_nios_ii/software/n_bsp/\libhal_bsp.a(alt_write.o)
                0x0000000000020d24                write
 .text          0x0000000000020d84       0x2c D:/Desktop/FPGA/Learn/hdmi_tx_1080p_60fps_nios_ii/software/n_bsp/\libhal_bsp.a(alt_sys_init.o)
                0x0000000000020d84                alt_irq_init
                0x0000000000020da4                alt_sys_init
 .text          0x0000000000020db0     0x1118 D:/Desktop/FPGA/Learn/hdmi_tx_1080p_60fps_nios_ii/software/n_bsp/\libhal_bsp.a(altera_avalon_i2c.o)
                0x0000000000020db0                alt_avalon_i2c_register_optional_irq_handler
                0x0000000000020dcc                alt_avalon_i2c_register_callback
                0x0000000000020ddc                alt_avalon_i2c_open
                0x0000000000020de4                alt_avalon_i2c_enable
                0x0000000000020e28                alt_avalon_i2c_disable
                0x0000000000020e40                alt_avalon_i2c_master_config_get
                0x0000000000020e84                alt_avalon_i2c_master_config_set
                0x0000000000020ed8                alt_avalon_i2c_master_config_speed_get
                0x0000000000020f24                alt_avalon_i2c_master_config_speed_set
                0x0000000000020fb0                alt_avalon_i2c_is_busy
                0x0000000000020fc0                alt_avalon_i2c_rx_read_available
                0x0000000000020ff8                alt_avalon_i2c_rx_read
                0x0000000000021070                alt_avalon_i2c_master_target_get
                0x000000000002107c                alt_avalon_i2c_master_target_set
                0x0000000000021084                alt_avalon_i2c_check_nack
                0x00000000000210a0                alt_avalon_i2c_check_arblost
                0x00000000000210bc                alt_avalon_i2c_cmd_write
                0x000000000002117c                alt_avalon_i2c_send_address
                0x00000000000211ec                alt_avalon_i2c_master_transmit
                0x0000000000021334                alt_avalon_i2c_master_receive
                0x00000000000214ec                alt_avalon_i2c_int_status_get
                0x0000000000021504                alt_avalon_i2c_int_raw_status_get
                0x0000000000021514                alt_avalon_i2c_int_clear
                0x0000000000021520                alt_avalon_i2c_enabled_ints_get
                0x0000000000021534                alt_avalon_i2c_int_disable
                0x00000000000215e0                alt_avalon_i2c_int_enable
                0x00000000000216dc                alt_avalon_i2c_interrupt_transaction_status
                0x00000000000217c8                alt_avalon_i2c_rx_fifo_threshold_get
                0x00000000000217e0                alt_avalon_i2c_rx_fifo_threshold_set
                0x0000000000021804                alt_avalon_i2c_master_receive_using_interrupts
                0x00000000000219a4                alt_avalon_i2c_master_rx
                0x0000000000021a80                alt_avalon_i2c_tfr_cmd_fifo_threshold_get
                0x0000000000021a98                alt_avalon_i2c_tfr_cmd_fifo_threshold_set
                0x0000000000021abc                alt_avalon_i2c_init
                0x0000000000021b60                alt_avalon_i2c_master_transmit_using_interrupts
                0x0000000000021cec                alt_avalon_i2c_master_tx
                0x0000000000021d98                alt_avalon_i2c_master_tx_rx
 .text          0x0000000000021ec8       0x30 D:/Desktop/FPGA/Learn/hdmi_tx_1080p_60fps_nios_ii/software/n_bsp/\libhal_bsp.a(altera_avalon_jtag_uart_write.o)
                0x0000000000021ec8                altera_avalon_jtag_uart_write
 .text          0x0000000000021ef8       0x88 D:/Desktop/FPGA/Learn/hdmi_tx_1080p_60fps_nios_ii/software/n_bsp/\libhal_bsp.a(alt_busy_sleep.o)
                0x0000000000021ef8                alt_busy_sleep
 .text          0x0000000000021f80        0x4 D:/Desktop/FPGA/Learn/hdmi_tx_1080p_60fps_nios_ii/software/n_bsp/\libhal_bsp.a(alt_dcache_flush_all.o)
                0x0000000000021f80                alt_dcache_flush_all
 .text          0x0000000000021f84       0x6c D:/Desktop/FPGA/Learn/hdmi_tx_1080p_60fps_nios_ii/software/n_bsp/\libhal_bsp.a(alt_dev_llist_insert.o)
                0x0000000000021f84                alt_dev_llist_insert
 .text          0x0000000000021ff0        0x0 D:/Desktop/FPGA/Learn/hdmi_tx_1080p_60fps_nios_ii/software/n_bsp/\libhal_bsp.a(alt_errno.o)
 .text          0x0000000000021ff0       0x70 D:/Desktop/FPGA/Learn/hdmi_tx_1080p_60fps_nios_ii/software/n_bsp/\libhal_bsp.a(alt_find_dev.o)
                0x0000000000021ff0                alt_find_dev
 .text          0x0000000000022060        0x4 D:/Desktop/FPGA/Learn/hdmi_tx_1080p_60fps_nios_ii/software/n_bsp/\libhal_bsp.a(alt_icache_flush_all.o)
                0x0000000000022060                alt_icache_flush_all
 .text          0x0000000000022064       0x8c D:/Desktop/FPGA/Learn/hdmi_tx_1080p_60fps_nios_ii/software/n_bsp/\libhal_bsp.a(alt_iic.o)
                0x0000000000022064                alt_ic_isr_register
                0x0000000000022068                alt_ic_irq_enable
                0x00000000000220a0                alt_ic_irq_disable
                0x00000000000220d8                alt_ic_irq_enabled
 .text          0x00000000000220f0       0x68 D:/Desktop/FPGA/Learn/hdmi_tx_1080p_60fps_nios_ii/software/n_bsp/\libhal_bsp.a(alt_iic_isr_register.o)
                0x00000000000220f0                alt_iic_isr_register
 .text          0x0000000000022158        0x0 D:/Desktop/FPGA/Learn/hdmi_tx_1080p_60fps_nios_ii/software/n_bsp/\libhal_bsp.a(alt_irq_entry.o)
 .text          0x0000000000022158        0x0 D:/Desktop/FPGA/Learn/hdmi_tx_1080p_60fps_nios_ii/software/n_bsp/\libhal_bsp.a(alt_irq_handler.o)
 .text          0x0000000000022158        0x0 D:/Desktop/FPGA/Learn/hdmi_tx_1080p_60fps_nios_ii/software/n_bsp/\libhal_bsp.a(alt_irq_vars.o)
 .text          0x0000000000022158        0x8 D:/Desktop/FPGA/Learn/hdmi_tx_1080p_60fps_nios_ii/software/n_bsp/\libhal_bsp.a(altera_nios2_gen2_irq.o)
                0x0000000000022158                altera_nios2_gen2_irq_init
 .text          0x0000000000022160        0x0 D:/Desktop/FPGA/Learn/hdmi_tx_1080p_60fps_nios_ii/software/n_bsp/\libhal_bsp.a(alt_exception_entry.o)
 .text          0x0000000000022160       0x28 D:/Desktop/FPGA/Learn/hdmi_tx_1080p_60fps_nios_ii/software/n_bsp/\libhal_bsp.a(alt_instruction_exception_entry.o)
                0x0000000000022160                alt_exception_cause_generated_bad_addr
 .text          0x0000000000022188        0x0 c:/intelfpga_lite/19.1/nios2eds/bin/gnu/h-x86_64-mingw32/bin/../lib/gcc/nios2-elf/8.3.1/../../../../../H-x86_64-mingw32/nios2-elf/lib/mno-hw-mul\libsmallc.a(lib_a-memcmp.o)
 .text.memcmp   0x0000000000022188       0x30 c:/intelfpga_lite/19.1/nios2eds/bin/gnu/h-x86_64-mingw32/bin/../lib/gcc/nios2-elf/8.3.1/../../../../../H-x86_64-mingw32/nios2-elf/lib/mno-hw-mul\libsmallc.a(lib_a-memcmp.o)
                0x0000000000022188                memcmp
 *(.gnu.warning.*)
 *(.fini)
                [!provide]                        PROVIDE (__etext = ABSOLUTE (.))
                [!provide]                        PROVIDE (_etext = ABSOLUTE (.))
                [!provide]                        PROVIDE (etext = ABSOLUTE (.))
 *(.eh_frame_hdr)
                0x00000000000221b8                . = ALIGN (0x4)
                [!provide]                        PROVIDE (__preinit_array_start = ABSOLUTE (.))
 *(.preinit_array)
                [!provide]                        PROVIDE (__preinit_array_end = ABSOLUTE (.))
                [!provide]                        PROVIDE (__init_array_start = ABSOLUTE (.))
 *(.init_array)
                [!provide]                        PROVIDE (__init_array_end = ABSOLUTE (.))
                [!provide]                        PROVIDE (__fini_array_start = ABSOLUTE (.))
 *(.fini_array)
                [!provide]                        PROVIDE (__fini_array_end = ABSOLUTE (.))
 *(.eh_frame)
 *(.gcc_except_table .gcc_except_table.*)
 *(.dynamic)
                [!provide]                        PROVIDE (__CTOR_LIST__ = ABSOLUTE (.))
 *(.ctors)
 *(SORT_BY_NAME(.ctors.*))
                [!provide]                        PROVIDE (__CTOR_END__ = ABSOLUTE (.))
                [!provide]                        PROVIDE (__DTOR_LIST__ = ABSOLUTE (.))
 *(.dtors)
 *(SORT_BY_NAME(.dtors.*))
                [!provide]                        PROVIDE (__DTOR_END__ = ABSOLUTE (.))
 *(.jcr)
                0x00000000000221b8                . = ALIGN (0x4)

.rodata         0x00000000000221b8       0x5c
                0x00000000000221b8                PROVIDE (__ram_rodata_start = ABSOLUTE (.))
                0x00000000000221b8                . = ALIGN (0x4)
 *(.rodata .rodata.* .gnu.linkonce.r.*)
 .rodata.str1.4
                0x00000000000221b8       0x57 obj/default/hello_world_small.o
 *fill*         0x000000000002220f        0x1 
 .rodata._puts_r.str1.4
                0x0000000000022210        0x4 c:/intelfpga_lite/19.1/nios2eds/bin/gnu/h-x86_64-mingw32/bin/../lib/gcc/nios2-elf/8.3.1/../../../../../H-x86_64-mingw32/nios2-elf/lib/mno-hw-mul\libsmallc.a(lib_a-puts.o)
                                          0x2 (size before relaxing)
 .rodata.str1.4
                0x0000000000022214        0xb D:/Desktop/FPGA/Learn/hdmi_tx_1080p_60fps_nios_ii/software/n_bsp/\libhal_bsp.a(alt_sys_init.o)
 *(.rodata1)
                0x0000000000022220                . = ALIGN (0x4)
                0x0000000000022220                PROVIDE (__ram_rodata_end = ABSOLUTE (.))
                0x00000000000221b8                PROVIDE (__flash_rodata_start = LOADADDR (.rodata))

.rwdata         0x0000000000022214      0x178 load address 0x000000000002238c
                0x0000000000022214                PROVIDE (__ram_rwdata_start = ABSOLUTE (.))
                0x0000000000022214                . = ALIGN (0x4)
 *(.got.plt)
 *(.got)
 *(.data1)
 *(.data .data.* .gnu.linkonce.d.*)
 .data          0x0000000000022214        0x0 D:/Desktop/FPGA/Learn/hdmi_tx_1080p_60fps_nios_ii/software/n_bsp/obj/HAL/src/crt0.o
 .data          0x0000000000022214       0x3e obj/default/hello_world_small.o
                0x0000000000022214                i2c_hdmi_data
 .data          0x0000000000022252        0x0 c:/intelfpga_lite/19.1/nios2eds/bin/gnu/h-x86_64-mingw32/bin/../lib/gcc/nios2-elf/8.3.1/../../../../../H-x86_64-mingw32/nios2-elf/lib/mno-hw-mul\libsmallc.a(lib_a-printf.o)
 .data          0x0000000000022252        0x0 c:/intelfpga_lite/19.1/nios2eds/bin/gnu/h-x86_64-mingw32/bin/../lib/gcc/nios2-elf/8.3.1/../../../../../H-x86_64-mingw32/nios2-elf/lib/mno-hw-mul\libsmallc.a(lib_a-puts.o)
 .data          0x0000000000022252        0x0 c:/intelfpga_lite/19.1/nios2eds/bin/gnu/h-x86_64-mingw32/bin/../lib/gcc/nios2-elf/8.3.1/../../../../../H-x86_64-mingw32/nios2-elf/lib/mno-hw-mul\libsmallc.a(lib_a-strlen.o)
 .data          0x0000000000022252        0x0 c:/intelfpga_lite/19.1/nios2eds/bin/gnu/h-x86_64-mingw32/bin/../lib/gcc/nios2-elf/8.3.1/../../../../../H-x86_64-mingw32/nios2-elf/lib/mno-hw-mul\libsmallc.a(lib_a-vfprintf.o)
 .data          0x0000000000022252        0x0 c:/intelfpga_lite/19.1/nios2eds/bin/gnu/h-x86_64-mingw32/bin/../lib/gcc/nios2-elf/8.3.1/../../../../../H-x86_64-mingw32/nios2-elf/lib/mno-hw-mul\libsmallc.a(lib_a-fvwrite_small_dev.o)
 .data          0x0000000000022252        0x0 c:/intelfpga_lite/19.1/nios2eds/bin/gnu/h-x86_64-mingw32/bin/../lib/gcc/nios2-elf/8.3.1/../../../../../H-x86_64-mingw32/nios2-elf/lib/mno-hw-mul\libsmallc.a(lib_a-impure.o)
 *fill*         0x0000000000022252        0x2 
 .data.impure_data
                0x0000000000022254       0xe4 c:/intelfpga_lite/19.1/nios2eds/bin/gnu/h-x86_64-mingw32/bin/../lib/gcc/nios2-elf/8.3.1/../../../../../H-x86_64-mingw32/nios2-elf/lib/mno-hw-mul\libsmallc.a(lib_a-impure.o)
 .data          0x0000000000022338        0x0 c:/intelfpga_lite/19.1/nios2eds/bin/gnu/h-x86_64-mingw32/bin/../lib/gcc/nios2-elf/8.3.1/../../../../../H-x86_64-mingw32/nios2-elf/lib/mno-hw-mul\libsmallc.a(lib_a-writer.o)
 .data          0x0000000000022338        0x0 c:/intelfpga_lite/19.1/nios2eds/bin/gnu/h-x86_64-mingw32/bin/../lib/gcc/nios2-elf/8.3.1/../../../../../H-x86_64-mingw32/nios2-elf/lib/mno-hw-mul\libsmallc.a(lib_a-int_errno.o)
 .data          0x0000000000022338        0x0 c:/intelfpga_lite/19.1/nios2eds/bin/gnu/h-x86_64-mingw32/bin/../lib/gcc/nios2-elf/8.3.1/mno-hw-mul\libgcc.a(lib2-divmod.o)
 .data          0x0000000000022338        0x0 c:/intelfpga_lite/19.1/nios2eds/bin/gnu/h-x86_64-mingw32/bin/../lib/gcc/nios2-elf/8.3.1/mno-hw-mul\libgcc.a(lib2-mul.o)
 .data          0x0000000000022338        0x0 D:/Desktop/FPGA/Learn/hdmi_tx_1080p_60fps_nios_ii/software/n_bsp/\libhal_bsp.a(alt_load.o)
 .data          0x0000000000022338        0x0 D:/Desktop/FPGA/Learn/hdmi_tx_1080p_60fps_nios_ii/software/n_bsp/\libhal_bsp.a(alt_main.o)
 .data          0x0000000000022338        0x0 D:/Desktop/FPGA/Learn/hdmi_tx_1080p_60fps_nios_ii/software/n_bsp/\libhal_bsp.a(alt_write.o)
 .data          0x0000000000022338       0x38 D:/Desktop/FPGA/Learn/hdmi_tx_1080p_60fps_nios_ii/software/n_bsp/\libhal_bsp.a(alt_sys_init.o)
 .data          0x0000000000022370        0x0 D:/Desktop/FPGA/Learn/hdmi_tx_1080p_60fps_nios_ii/software/n_bsp/\libhal_bsp.a(altera_avalon_i2c.o)
 .data          0x0000000000022370        0x0 D:/Desktop/FPGA/Learn/hdmi_tx_1080p_60fps_nios_ii/software/n_bsp/\libhal_bsp.a(altera_avalon_jtag_uart_write.o)
 .data          0x0000000000022370        0x0 D:/Desktop/FPGA/Learn/hdmi_tx_1080p_60fps_nios_ii/software/n_bsp/\libhal_bsp.a(alt_busy_sleep.o)
 .data          0x0000000000022370        0x0 D:/Desktop/FPGA/Learn/hdmi_tx_1080p_60fps_nios_ii/software/n_bsp/\libhal_bsp.a(alt_dcache_flush_all.o)
 .data          0x0000000000022370        0x0 D:/Desktop/FPGA/Learn/hdmi_tx_1080p_60fps_nios_ii/software/n_bsp/\libhal_bsp.a(alt_dev_llist_insert.o)
 .data          0x0000000000022370        0x0 D:/Desktop/FPGA/Learn/hdmi_tx_1080p_60fps_nios_ii/software/n_bsp/\libhal_bsp.a(alt_errno.o)
 .data          0x0000000000022370        0x0 D:/Desktop/FPGA/Learn/hdmi_tx_1080p_60fps_nios_ii/software/n_bsp/\libhal_bsp.a(alt_find_dev.o)
 .data          0x0000000000022370        0x0 D:/Desktop/FPGA/Learn/hdmi_tx_1080p_60fps_nios_ii/software/n_bsp/\libhal_bsp.a(alt_icache_flush_all.o)
 .data          0x0000000000022370        0x0 D:/Desktop/FPGA/Learn/hdmi_tx_1080p_60fps_nios_ii/software/n_bsp/\libhal_bsp.a(alt_iic.o)
 .data          0x0000000000022370        0x0 D:/Desktop/FPGA/Learn/hdmi_tx_1080p_60fps_nios_ii/software/n_bsp/\libhal_bsp.a(alt_iic_isr_register.o)
 .data          0x0000000000022370        0x0 D:/Desktop/FPGA/Learn/hdmi_tx_1080p_60fps_nios_ii/software/n_bsp/\libhal_bsp.a(alt_irq_entry.o)
 .data          0x0000000000022370        0x0 D:/Desktop/FPGA/Learn/hdmi_tx_1080p_60fps_nios_ii/software/n_bsp/\libhal_bsp.a(alt_irq_handler.o)
 .data          0x0000000000022370        0x0 D:/Desktop/FPGA/Learn/hdmi_tx_1080p_60fps_nios_ii/software/n_bsp/\libhal_bsp.a(alt_irq_vars.o)
 .data          0x0000000000022370        0x0 D:/Desktop/FPGA/Learn/hdmi_tx_1080p_60fps_nios_ii/software/n_bsp/\libhal_bsp.a(altera_nios2_gen2_irq.o)
 .data          0x0000000000022370        0x0 D:/Desktop/FPGA/Learn/hdmi_tx_1080p_60fps_nios_ii/software/n_bsp/\libhal_bsp.a(alt_exception_entry.o)
 .data          0x0000000000022370        0x0 D:/Desktop/FPGA/Learn/hdmi_tx_1080p_60fps_nios_ii/software/n_bsp/\libhal_bsp.a(alt_instruction_exception_entry.o)
 .data          0x0000000000022370        0x0 c:/intelfpga_lite/19.1/nios2eds/bin/gnu/h-x86_64-mingw32/bin/../lib/gcc/nios2-elf/8.3.1/../../../../../H-x86_64-mingw32/nios2-elf/lib/mno-hw-mul\libsmallc.a(lib_a-memcmp.o)
                0x000000000002a370                _gp = ABSOLUTE ((. + 0x8000))
                [!provide]                        PROVIDE (gp = _gp)
 *(.rwdata .rwdata.*)
 *(.sdata .sdata.* .gnu.linkonce.s.*)
 .sdata._global_impure_ptr
                0x0000000000022370        0x4 c:/intelfpga_lite/19.1/nios2eds/bin/gnu/h-x86_64-mingw32/bin/../lib/gcc/nios2-elf/8.3.1/../../../../../H-x86_64-mingw32/nios2-elf/lib/mno-hw-mul\libsmallc.a(lib_a-impure.o)
                0x0000000000022370                _global_impure_ptr
 .sdata._impure_ptr
                0x0000000000022374        0x4 c:/intelfpga_lite/19.1/nios2eds/bin/gnu/h-x86_64-mingw32/bin/../lib/gcc/nios2-elf/8.3.1/../../../../../H-x86_64-mingw32/nios2-elf/lib/mno-hw-mul\libsmallc.a(lib_a-impure.o)
                0x0000000000022374                _impure_ptr
 .sdata         0x0000000000022378        0x4 D:/Desktop/FPGA/Learn/hdmi_tx_1080p_60fps_nios_ii/software/n_bsp/\libhal_bsp.a(alt_sys_init.o)
                0x0000000000022378                jtag_uart_0
 .sdata         0x000000000002237c        0x8 D:/Desktop/FPGA/Learn/hdmi_tx_1080p_60fps_nios_ii/software/n_bsp/\libhal_bsp.a(altera_avalon_i2c.o)
                0x000000000002237c                alt_avalon_i2c_list
 .sdata         0x0000000000022384        0x4 D:/Desktop/FPGA/Learn/hdmi_tx_1080p_60fps_nios_ii/software/n_bsp/\libhal_bsp.a(alt_errno.o)
                0x0000000000022384                alt_errno
 .sdata         0x0000000000022388        0x4 D:/Desktop/FPGA/Learn/hdmi_tx_1080p_60fps_nios_ii/software/n_bsp/\libhal_bsp.a(alt_irq_vars.o)
                0x0000000000022388                alt_priority_mask
 *(.sdata2 .sdata2.* .gnu.linkonce.s2.*)
                0x000000000002238c                . = ALIGN (0x4)
                0x000000000002238c                _edata = ABSOLUTE (.)
                [!provide]                        PROVIDE (edata = ABSOLUTE (.))
                0x000000000002238c                PROVIDE (__ram_rwdata_end = ABSOLUTE (.))
                0x000000000002238c                PROVIDE (__flash_rwdata_start = LOADADDR (.rwdata))

.bss            0x0000000000022504      0x118
                0x0000000000022504                __bss_start = ABSOLUTE (.)
                [!provide]                        PROVIDE (__sbss_start = ABSOLUTE (.))
                [!provide]                        PROVIDE (___sbss_start = ABSOLUTE (.))
 *(.dynsbss)
 *(.sbss .sbss.* .gnu.linkonce.sb.*)
 .sbss          0x0000000000022504        0x4 c:/intelfpga_lite/19.1/nios2eds/bin/gnu/h-x86_64-mingw32/bin/../lib/gcc/nios2-elf/8.3.1/../../../../../H-x86_64-mingw32/nios2-elf/lib/mno-hw-mul\libsmallc.a(lib_a-int_errno.o)
                0x0000000000022504                errno
 .sbss          0x0000000000022508        0xc D:/Desktop/FPGA/Learn/hdmi_tx_1080p_60fps_nios_ii/software/n_bsp/\libhal_bsp.a(alt_main.o)
                0x0000000000022508                alt_envp
                0x000000000002250c                alt_argv
                0x0000000000022510                alt_argc
 .sbss          0x0000000000022514        0x4 D:/Desktop/FPGA/Learn/hdmi_tx_1080p_60fps_nios_ii/software/n_bsp/\libhal_bsp.a(alt_irq_vars.o)
                0x0000000000022514                alt_irq_active
 .sbss          0x0000000000022518        0x4 D:/Desktop/FPGA/Learn/hdmi_tx_1080p_60fps_nios_ii/software/n_bsp/\libhal_bsp.a(alt_instruction_exception_entry.o)
                0x0000000000022518                alt_instruction_exception_handler
 *(.sbss2 .sbss2.* .gnu.linkonce.sb2.*)
 *(.scommon)
                [!provide]                        PROVIDE (__sbss_end = ABSOLUTE (.))
                [!provide]                        PROVIDE (___sbss_end = ABSOLUTE (.))
 *(.dynbss)
 *(.bss .bss.* .gnu.linkonce.b.*)
 .bss           0x000000000002251c        0x0 D:/Desktop/FPGA/Learn/hdmi_tx_1080p_60fps_nios_ii/software/n_bsp/obj/HAL/src/crt0.o
 .bss           0x000000000002251c        0x0 obj/default/hello_world_small.o
 .bss           0x000000000002251c        0x0 c:/intelfpga_lite/19.1/nios2eds/bin/gnu/h-x86_64-mingw32/bin/../lib/gcc/nios2-elf/8.3.1/../../../../../H-x86_64-mingw32/nios2-elf/lib/mno-hw-mul\libsmallc.a(lib_a-printf.o)
 .bss           0x000000000002251c        0x0 c:/intelfpga_lite/19.1/nios2eds/bin/gnu/h-x86_64-mingw32/bin/../lib/gcc/nios2-elf/8.3.1/../../../../../H-x86_64-mingw32/nios2-elf/lib/mno-hw-mul\libsmallc.a(lib_a-puts.o)
 .bss           0x000000000002251c        0x0 c:/intelfpga_lite/19.1/nios2eds/bin/gnu/h-x86_64-mingw32/bin/../lib/gcc/nios2-elf/8.3.1/../../../../../H-x86_64-mingw32/nios2-elf/lib/mno-hw-mul\libsmallc.a(lib_a-strlen.o)
 .bss           0x000000000002251c        0x0 c:/intelfpga_lite/19.1/nios2eds/bin/gnu/h-x86_64-mingw32/bin/../lib/gcc/nios2-elf/8.3.1/../../../../../H-x86_64-mingw32/nios2-elf/lib/mno-hw-mul\libsmallc.a(lib_a-vfprintf.o)
 .bss           0x000000000002251c        0x0 c:/intelfpga_lite/19.1/nios2eds/bin/gnu/h-x86_64-mingw32/bin/../lib/gcc/nios2-elf/8.3.1/../../../../../H-x86_64-mingw32/nios2-elf/lib/mno-hw-mul\libsmallc.a(lib_a-fvwrite_small_dev.o)
 .bss           0x000000000002251c        0x0 c:/intelfpga_lite/19.1/nios2eds/bin/gnu/h-x86_64-mingw32/bin/../lib/gcc/nios2-elf/8.3.1/../../../../../H-x86_64-mingw32/nios2-elf/lib/mno-hw-mul\libsmallc.a(lib_a-impure.o)
 .bss           0x000000000002251c        0x0 c:/intelfpga_lite/19.1/nios2eds/bin/gnu/h-x86_64-mingw32/bin/../lib/gcc/nios2-elf/8.3.1/../../../../../H-x86_64-mingw32/nios2-elf/lib/mno-hw-mul\libsmallc.a(lib_a-writer.o)
 .bss           0x000000000002251c        0x0 c:/intelfpga_lite/19.1/nios2eds/bin/gnu/h-x86_64-mingw32/bin/../lib/gcc/nios2-elf/8.3.1/../../../../../H-x86_64-mingw32/nios2-elf/lib/mno-hw-mul\libsmallc.a(lib_a-int_errno.o)
 .bss           0x000000000002251c        0x0 c:/intelfpga_lite/19.1/nios2eds/bin/gnu/h-x86_64-mingw32/bin/../lib/gcc/nios2-elf/8.3.1/mno-hw-mul\libgcc.a(lib2-divmod.o)
 .bss           0x000000000002251c        0x0 c:/intelfpga_lite/19.1/nios2eds/bin/gnu/h-x86_64-mingw32/bin/../lib/gcc/nios2-elf/8.3.1/mno-hw-mul\libgcc.a(lib2-mul.o)
 .bss           0x000000000002251c        0x0 D:/Desktop/FPGA/Learn/hdmi_tx_1080p_60fps_nios_ii/software/n_bsp/\libhal_bsp.a(alt_load.o)
 .bss           0x000000000002251c        0x0 D:/Desktop/FPGA/Learn/hdmi_tx_1080p_60fps_nios_ii/software/n_bsp/\libhal_bsp.a(alt_main.o)
 .bss           0x000000000002251c        0x0 D:/Desktop/FPGA/Learn/hdmi_tx_1080p_60fps_nios_ii/software/n_bsp/\libhal_bsp.a(alt_write.o)
 .bss           0x000000000002251c        0x0 D:/Desktop/FPGA/Learn/hdmi_tx_1080p_60fps_nios_ii/software/n_bsp/\libhal_bsp.a(alt_sys_init.o)
 .bss           0x000000000002251c        0x0 D:/Desktop/FPGA/Learn/hdmi_tx_1080p_60fps_nios_ii/software/n_bsp/\libhal_bsp.a(altera_avalon_i2c.o)
 .bss           0x000000000002251c        0x0 D:/Desktop/FPGA/Learn/hdmi_tx_1080p_60fps_nios_ii/software/n_bsp/\libhal_bsp.a(altera_avalon_jtag_uart_write.o)
 .bss           0x000000000002251c        0x0 D:/Desktop/FPGA/Learn/hdmi_tx_1080p_60fps_nios_ii/software/n_bsp/\libhal_bsp.a(alt_busy_sleep.o)
 .bss           0x000000000002251c        0x0 D:/Desktop/FPGA/Learn/hdmi_tx_1080p_60fps_nios_ii/software/n_bsp/\libhal_bsp.a(alt_dcache_flush_all.o)
 .bss           0x000000000002251c        0x0 D:/Desktop/FPGA/Learn/hdmi_tx_1080p_60fps_nios_ii/software/n_bsp/\libhal_bsp.a(alt_dev_llist_insert.o)
 .bss           0x000000000002251c        0x0 D:/Desktop/FPGA/Learn/hdmi_tx_1080p_60fps_nios_ii/software/n_bsp/\libhal_bsp.a(alt_errno.o)
 .bss           0x000000000002251c        0x0 D:/Desktop/FPGA/Learn/hdmi_tx_1080p_60fps_nios_ii/software/n_bsp/\libhal_bsp.a(alt_find_dev.o)
 .bss           0x000000000002251c        0x0 D:/Desktop/FPGA/Learn/hdmi_tx_1080p_60fps_nios_ii/software/n_bsp/\libhal_bsp.a(alt_icache_flush_all.o)
 .bss           0x000000000002251c        0x0 D:/Desktop/FPGA/Learn/hdmi_tx_1080p_60fps_nios_ii/software/n_bsp/\libhal_bsp.a(alt_iic.o)
 .bss           0x000000000002251c        0x0 D:/Desktop/FPGA/Learn/hdmi_tx_1080p_60fps_nios_ii/software/n_bsp/\libhal_bsp.a(alt_iic_isr_register.o)
 .bss           0x000000000002251c        0x0 D:/Desktop/FPGA/Learn/hdmi_tx_1080p_60fps_nios_ii/software/n_bsp/\libhal_bsp.a(alt_irq_entry.o)
 .bss           0x000000000002251c        0x0 D:/Desktop/FPGA/Learn/hdmi_tx_1080p_60fps_nios_ii/software/n_bsp/\libhal_bsp.a(alt_irq_handler.o)
 .bss           0x000000000002251c        0x0 D:/Desktop/FPGA/Learn/hdmi_tx_1080p_60fps_nios_ii/software/n_bsp/\libhal_bsp.a(alt_irq_vars.o)
 .bss           0x000000000002251c        0x0 D:/Desktop/FPGA/Learn/hdmi_tx_1080p_60fps_nios_ii/software/n_bsp/\libhal_bsp.a(altera_nios2_gen2_irq.o)
 .bss           0x000000000002251c        0x0 D:/Desktop/FPGA/Learn/hdmi_tx_1080p_60fps_nios_ii/software/n_bsp/\libhal_bsp.a(alt_exception_entry.o)
 .bss           0x000000000002251c        0x0 D:/Desktop/FPGA/Learn/hdmi_tx_1080p_60fps_nios_ii/software/n_bsp/\libhal_bsp.a(alt_instruction_exception_entry.o)
 .bss           0x000000000002251c        0x0 c:/intelfpga_lite/19.1/nios2eds/bin/gnu/h-x86_64-mingw32/bin/../lib/gcc/nios2-elf/8.3.1/../../../../../H-x86_64-mingw32/nios2-elf/lib/mno-hw-mul\libsmallc.a(lib_a-memcmp.o)
 *(COMMON)
 COMMON         0x000000000002251c      0x100 D:/Desktop/FPGA/Learn/hdmi_tx_1080p_60fps_nios_ii/software/n_bsp/\libhal_bsp.a(alt_irq_handler.o)
                0x000000000002251c                alt_irq
                0x000000000002261c                . = ALIGN (0x4)
                0x000000000002261c                __bss_end = ABSOLUTE (.)

.onchip_memory2_0
                0x000000000002261c        0x0
                [!provide]                        PROVIDE (_alt_partition_onchip_memory2_0_start = ABSOLUTE (.))
 *(.onchip_memory2_0 .onchip_memory2_0. onchip_memory2_0.*)
                0x000000000002261c                . = ALIGN (0x4)
                [!provide]                        PROVIDE (_alt_partition_onchip_memory2_0_end = ABSOLUTE (.))
                0x000000000002261c                _end = ABSOLUTE (.)
                0x000000000002261c                end = ABSOLUTE (.)
                0x000000000002261c                __alt_stack_base = ABSOLUTE (.)
                [!provide]                        PROVIDE (_alt_partition_onchip_memory2_0_load_addr = LOADADDR (.onchip_memory2_0))

.stab
 *(.stab)

.stabstr
 *(.stabstr)

.stab.excl
 *(.stab.excl)

.stab.exclstr
 *(.stab.exclstr)

.stab.index
 *(.stab.index)

.stab.indexstr
 *(.stab.indexstr)

.comment        0x0000000000000000       0x2c
 *(.comment)
 .comment       0x0000000000000000       0x2c obj/default/hello_world_small.o
                                         0x2d (size before relaxing)
 .comment       0x000000000000002c       0x2d c:/intelfpga_lite/19.1/nios2eds/bin/gnu/h-x86_64-mingw32/bin/../lib/gcc/nios2-elf/8.3.1/../../../../../H-x86_64-mingw32/nios2-elf/lib/mno-hw-mul\libsmallc.a(lib_a-printf.o)
 .comment       0x000000000000002c       0x2d c:/intelfpga_lite/19.1/nios2eds/bin/gnu/h-x86_64-mingw32/bin/../lib/gcc/nios2-elf/8.3.1/../../../../../H-x86_64-mingw32/nios2-elf/lib/mno-hw-mul\libsmallc.a(lib_a-puts.o)
 .comment       0x000000000000002c       0x2d c:/intelfpga_lite/19.1/nios2eds/bin/gnu/h-x86_64-mingw32/bin/../lib/gcc/nios2-elf/8.3.1/../../../../../H-x86_64-mingw32/nios2-elf/lib/mno-hw-mul\libsmallc.a(lib_a-strlen.o)
 .comment       0x000000000000002c       0x2d c:/intelfpga_lite/19.1/nios2eds/bin/gnu/h-x86_64-mingw32/bin/../lib/gcc/nios2-elf/8.3.1/../../../../../H-x86_64-mingw32/nios2-elf/lib/mno-hw-mul\libsmallc.a(lib_a-vfprintf.o)
 .comment       0x000000000000002c       0x2d c:/intelfpga_lite/19.1/nios2eds/bin/gnu/h-x86_64-mingw32/bin/../lib/gcc/nios2-elf/8.3.1/../../../../../H-x86_64-mingw32/nios2-elf/lib/mno-hw-mul\libsmallc.a(lib_a-fvwrite_small_dev.o)
 .comment       0x000000000000002c       0x2d c:/intelfpga_lite/19.1/nios2eds/bin/gnu/h-x86_64-mingw32/bin/../lib/gcc/nios2-elf/8.3.1/../../../../../H-x86_64-mingw32/nios2-elf/lib/mno-hw-mul\libsmallc.a(lib_a-impure.o)
 .comment       0x000000000000002c       0x2d c:/intelfpga_lite/19.1/nios2eds/bin/gnu/h-x86_64-mingw32/bin/../lib/gcc/nios2-elf/8.3.1/../../../../../H-x86_64-mingw32/nios2-elf/lib/mno-hw-mul\libsmallc.a(lib_a-writer.o)
 .comment       0x000000000000002c       0x2d c:/intelfpga_lite/19.1/nios2eds/bin/gnu/h-x86_64-mingw32/bin/../lib/gcc/nios2-elf/8.3.1/../../../../../H-x86_64-mingw32/nios2-elf/lib/mno-hw-mul\libsmallc.a(lib_a-int_errno.o)
 .comment       0x000000000000002c       0x2d c:/intelfpga_lite/19.1/nios2eds/bin/gnu/h-x86_64-mingw32/bin/../lib/gcc/nios2-elf/8.3.1/mno-hw-mul\libgcc.a(lib2-divmod.o)
 .comment       0x000000000000002c       0x2d c:/intelfpga_lite/19.1/nios2eds/bin/gnu/h-x86_64-mingw32/bin/../lib/gcc/nios2-elf/8.3.1/mno-hw-mul\libgcc.a(lib2-mul.o)
 .comment       0x000000000000002c       0x2d D:/Desktop/FPGA/Learn/hdmi_tx_1080p_60fps_nios_ii/software/n_bsp/\libhal_bsp.a(alt_load.o)
 .comment       0x000000000000002c       0x2d D:/Desktop/FPGA/Learn/hdmi_tx_1080p_60fps_nios_ii/software/n_bsp/\libhal_bsp.a(alt_main.o)
 .comment       0x000000000000002c       0x2d D:/Desktop/FPGA/Learn/hdmi_tx_1080p_60fps_nios_ii/software/n_bsp/\libhal_bsp.a(alt_write.o)
 .comment       0x000000000000002c       0x2d D:/Desktop/FPGA/Learn/hdmi_tx_1080p_60fps_nios_ii/software/n_bsp/\libhal_bsp.a(alt_sys_init.o)
 .comment       0x000000000000002c       0x2d D:/Desktop/FPGA/Learn/hdmi_tx_1080p_60fps_nios_ii/software/n_bsp/\libhal_bsp.a(altera_avalon_i2c.o)
 .comment       0x000000000000002c       0x2d D:/Desktop/FPGA/Learn/hdmi_tx_1080p_60fps_nios_ii/software/n_bsp/\libhal_bsp.a(altera_avalon_jtag_uart_write.o)
 .comment       0x000000000000002c       0x2d D:/Desktop/FPGA/Learn/hdmi_tx_1080p_60fps_nios_ii/software/n_bsp/\libhal_bsp.a(alt_busy_sleep.o)
 .comment       0x000000000000002c       0x2d D:/Desktop/FPGA/Learn/hdmi_tx_1080p_60fps_nios_ii/software/n_bsp/\libhal_bsp.a(alt_dcache_flush_all.o)
 .comment       0x000000000000002c       0x2d D:/Desktop/FPGA/Learn/hdmi_tx_1080p_60fps_nios_ii/software/n_bsp/\libhal_bsp.a(alt_dev_llist_insert.o)
 .comment       0x000000000000002c       0x2d D:/Desktop/FPGA/Learn/hdmi_tx_1080p_60fps_nios_ii/software/n_bsp/\libhal_bsp.a(alt_errno.o)
 .comment       0x000000000000002c       0x2d D:/Desktop/FPGA/Learn/hdmi_tx_1080p_60fps_nios_ii/software/n_bsp/\libhal_bsp.a(alt_find_dev.o)
 .comment       0x000000000000002c       0x2d D:/Desktop/FPGA/Learn/hdmi_tx_1080p_60fps_nios_ii/software/n_bsp/\libhal_bsp.a(alt_icache_flush_all.o)
 .comment       0x000000000000002c       0x2d D:/Desktop/FPGA/Learn/hdmi_tx_1080p_60fps_nios_ii/software/n_bsp/\libhal_bsp.a(alt_iic.o)
 .comment       0x000000000000002c       0x2d D:/Desktop/FPGA/Learn/hdmi_tx_1080p_60fps_nios_ii/software/n_bsp/\libhal_bsp.a(alt_iic_isr_register.o)
 .comment       0x000000000000002c       0x2d D:/Desktop/FPGA/Learn/hdmi_tx_1080p_60fps_nios_ii/software/n_bsp/\libhal_bsp.a(alt_irq_handler.o)
 .comment       0x000000000000002c       0x2d D:/Desktop/FPGA/Learn/hdmi_tx_1080p_60fps_nios_ii/software/n_bsp/\libhal_bsp.a(alt_irq_vars.o)
 .comment       0x000000000000002c       0x2d D:/Desktop/FPGA/Learn/hdmi_tx_1080p_60fps_nios_ii/software/n_bsp/\libhal_bsp.a(altera_nios2_gen2_irq.o)
 .comment       0x000000000000002c       0x2d D:/Desktop/FPGA/Learn/hdmi_tx_1080p_60fps_nios_ii/software/n_bsp/\libhal_bsp.a(alt_instruction_exception_entry.o)
 .comment       0x000000000000002c       0x2d c:/intelfpga_lite/19.1/nios2eds/bin/gnu/h-x86_64-mingw32/bin/../lib/gcc/nios2-elf/8.3.1/../../../../../H-x86_64-mingw32/nios2-elf/lib/mno-hw-mul\libsmallc.a(lib_a-memcmp.o)

.debug
 *(.debug)

.line
 *(.line)

.debug_srcinfo
 *(.debug_srcinfo)

.debug_sfnames
 *(.debug_sfnames)

.debug_aranges  0x0000000000000000      0x458
 *(.debug_aranges)
 .debug_aranges
                0x0000000000000000       0x28 D:/Desktop/FPGA/Learn/hdmi_tx_1080p_60fps_nios_ii/software/n_bsp/obj/HAL/src/crt0.o
 .debug_aranges
                0x0000000000000028       0x20 obj/default/hello_world_small.o
 .debug_aranges
                0x0000000000000048       0x28 c:/intelfpga_lite/19.1/nios2eds/bin/gnu/h-x86_64-mingw32/bin/../lib/gcc/nios2-elf/8.3.1/../../../../../H-x86_64-mingw32/nios2-elf/lib/mno-hw-mul\libsmallc.a(lib_a-printf.o)
 .debug_aranges
                0x0000000000000070       0x28 c:/intelfpga_lite/19.1/nios2eds/bin/gnu/h-x86_64-mingw32/bin/../lib/gcc/nios2-elf/8.3.1/../../../../../H-x86_64-mingw32/nios2-elf/lib/mno-hw-mul\libsmallc.a(lib_a-puts.o)
 .debug_aranges
                0x0000000000000098       0x20 c:/intelfpga_lite/19.1/nios2eds/bin/gnu/h-x86_64-mingw32/bin/../lib/gcc/nios2-elf/8.3.1/../../../../../H-x86_64-mingw32/nios2-elf/lib/mno-hw-mul\libsmallc.a(lib_a-strlen.o)
 .debug_aranges
                0x00000000000000b8       0x30 c:/intelfpga_lite/19.1/nios2eds/bin/gnu/h-x86_64-mingw32/bin/../lib/gcc/nios2-elf/8.3.1/../../../../../H-x86_64-mingw32/nios2-elf/lib/mno-hw-mul\libsmallc.a(lib_a-vfprintf.o)
 .debug_aranges
                0x00000000000000e8       0x20 c:/intelfpga_lite/19.1/nios2eds/bin/gnu/h-x86_64-mingw32/bin/../lib/gcc/nios2-elf/8.3.1/../../../../../H-x86_64-mingw32/nios2-elf/lib/mno-hw-mul\libsmallc.a(lib_a-fvwrite_small_dev.o)
 .debug_aranges
                0x0000000000000108       0x18 c:/intelfpga_lite/19.1/nios2eds/bin/gnu/h-x86_64-mingw32/bin/../lib/gcc/nios2-elf/8.3.1/../../../../../H-x86_64-mingw32/nios2-elf/lib/mno-hw-mul\libsmallc.a(lib_a-impure.o)
 .debug_aranges
                0x0000000000000120       0x20 c:/intelfpga_lite/19.1/nios2eds/bin/gnu/h-x86_64-mingw32/bin/../lib/gcc/nios2-elf/8.3.1/../../../../../H-x86_64-mingw32/nios2-elf/lib/mno-hw-mul\libsmallc.a(lib_a-writer.o)
 .debug_aranges
                0x0000000000000140       0x18 c:/intelfpga_lite/19.1/nios2eds/bin/gnu/h-x86_64-mingw32/bin/../lib/gcc/nios2-elf/8.3.1/../../../../../H-x86_64-mingw32/nios2-elf/lib/mno-hw-mul\libsmallc.a(lib_a-int_errno.o)
 .debug_aranges
                0x0000000000000158       0x20 c:/intelfpga_lite/19.1/nios2eds/bin/gnu/h-x86_64-mingw32/bin/../lib/gcc/nios2-elf/8.3.1/mno-hw-mul\libgcc.a(lib2-divmod.o)
 .debug_aranges
                0x0000000000000178       0x20 c:/intelfpga_lite/19.1/nios2eds/bin/gnu/h-x86_64-mingw32/bin/../lib/gcc/nios2-elf/8.3.1/mno-hw-mul\libgcc.a(lib2-mul.o)
 .debug_aranges
                0x0000000000000198       0x20 D:/Desktop/FPGA/Learn/hdmi_tx_1080p_60fps_nios_ii/software/n_bsp/\libhal_bsp.a(alt_load.o)
 .debug_aranges
                0x00000000000001b8       0x20 D:/Desktop/FPGA/Learn/hdmi_tx_1080p_60fps_nios_ii/software/n_bsp/\libhal_bsp.a(alt_main.o)
 .debug_aranges
                0x00000000000001d8       0x20 D:/Desktop/FPGA/Learn/hdmi_tx_1080p_60fps_nios_ii/software/n_bsp/\libhal_bsp.a(alt_write.o)
 .debug_aranges
                0x00000000000001f8       0x20 D:/Desktop/FPGA/Learn/hdmi_tx_1080p_60fps_nios_ii/software/n_bsp/\libhal_bsp.a(alt_sys_init.o)
 .debug_aranges
                0x0000000000000218       0x20 D:/Desktop/FPGA/Learn/hdmi_tx_1080p_60fps_nios_ii/software/n_bsp/\libhal_bsp.a(altera_avalon_i2c.o)
 .debug_aranges
                0x0000000000000238       0x20 D:/Desktop/FPGA/Learn/hdmi_tx_1080p_60fps_nios_ii/software/n_bsp/\libhal_bsp.a(altera_avalon_jtag_uart_write.o)
 .debug_aranges
                0x0000000000000258       0x20 D:/Desktop/FPGA/Learn/hdmi_tx_1080p_60fps_nios_ii/software/n_bsp/\libhal_bsp.a(alt_busy_sleep.o)
 .debug_aranges
                0x0000000000000278       0x20 D:/Desktop/FPGA/Learn/hdmi_tx_1080p_60fps_nios_ii/software/n_bsp/\libhal_bsp.a(alt_dcache_flush_all.o)
 .debug_aranges
                0x0000000000000298       0x20 D:/Desktop/FPGA/Learn/hdmi_tx_1080p_60fps_nios_ii/software/n_bsp/\libhal_bsp.a(alt_dev_llist_insert.o)
 .debug_aranges
                0x00000000000002b8       0x18 D:/Desktop/FPGA/Learn/hdmi_tx_1080p_60fps_nios_ii/software/n_bsp/\libhal_bsp.a(alt_errno.o)
 .debug_aranges
                0x00000000000002d0       0x20 D:/Desktop/FPGA/Learn/hdmi_tx_1080p_60fps_nios_ii/software/n_bsp/\libhal_bsp.a(alt_find_dev.o)
 .debug_aranges
                0x00000000000002f0       0x20 D:/Desktop/FPGA/Learn/hdmi_tx_1080p_60fps_nios_ii/software/n_bsp/\libhal_bsp.a(alt_icache_flush_all.o)
 .debug_aranges
                0x0000000000000310       0x20 D:/Desktop/FPGA/Learn/hdmi_tx_1080p_60fps_nios_ii/software/n_bsp/\libhal_bsp.a(alt_iic.o)
 .debug_aranges
                0x0000000000000330       0x20 D:/Desktop/FPGA/Learn/hdmi_tx_1080p_60fps_nios_ii/software/n_bsp/\libhal_bsp.a(alt_iic_isr_register.o)
 .debug_aranges
                0x0000000000000350       0x30 D:/Desktop/FPGA/Learn/hdmi_tx_1080p_60fps_nios_ii/software/n_bsp/\libhal_bsp.a(alt_irq_entry.o)
 .debug_aranges
                0x0000000000000380       0x20 D:/Desktop/FPGA/Learn/hdmi_tx_1080p_60fps_nios_ii/software/n_bsp/\libhal_bsp.a(alt_irq_handler.o)
 .debug_aranges
                0x00000000000003a0       0x18 D:/Desktop/FPGA/Learn/hdmi_tx_1080p_60fps_nios_ii/software/n_bsp/\libhal_bsp.a(alt_irq_vars.o)
 .debug_aranges
                0x00000000000003b8       0x20 D:/Desktop/FPGA/Learn/hdmi_tx_1080p_60fps_nios_ii/software/n_bsp/\libhal_bsp.a(altera_nios2_gen2_irq.o)
 .debug_aranges
                0x00000000000003d8       0x38 D:/Desktop/FPGA/Learn/hdmi_tx_1080p_60fps_nios_ii/software/n_bsp/\libhal_bsp.a(alt_exception_entry.o)
 .debug_aranges
                0x0000000000000410       0x28 D:/Desktop/FPGA/Learn/hdmi_tx_1080p_60fps_nios_ii/software/n_bsp/\libhal_bsp.a(alt_instruction_exception_entry.o)
 .debug_aranges
                0x0000000000000438       0x20 c:/intelfpga_lite/19.1/nios2eds/bin/gnu/h-x86_64-mingw32/bin/../lib/gcc/nios2-elf/8.3.1/../../../../../H-x86_64-mingw32/nios2-elf/lib/mno-hw-mul\libsmallc.a(lib_a-memcmp.o)

.debug_pubnames
 *(.debug_pubnames)

.debug_info     0x0000000000000000    0x13131
 *(.debug_info .gnu.linkonce.wi.*)
 .debug_info    0x0000000000000000       0x22 D:/Desktop/FPGA/Learn/hdmi_tx_1080p_60fps_nios_ii/software/n_bsp/obj/HAL/src/crt0.o
 .debug_info    0x0000000000000022      0xc4d obj/default/hello_world_small.o
 .debug_info    0x0000000000000c6f      0x92f c:/intelfpga_lite/19.1/nios2eds/bin/gnu/h-x86_64-mingw32/bin/../lib/gcc/nios2-elf/8.3.1/../../../../../H-x86_64-mingw32/nios2-elf/lib/mno-hw-mul\libsmallc.a(lib_a-printf.o)
 .debug_info    0x000000000000159e      0x8ef c:/intelfpga_lite/19.1/nios2eds/bin/gnu/h-x86_64-mingw32/bin/../lib/gcc/nios2-elf/8.3.1/../../../../../H-x86_64-mingw32/nios2-elf/lib/mno-hw-mul\libsmallc.a(lib_a-puts.o)
 .debug_info    0x0000000000001e8d      0x649 c:/intelfpga_lite/19.1/nios2eds/bin/gnu/h-x86_64-mingw32/bin/../lib/gcc/nios2-elf/8.3.1/../../../../../H-x86_64-mingw32/nios2-elf/lib/mno-hw-mul\libsmallc.a(lib_a-strlen.o)
 .debug_info    0x00000000000024d6     0x140e c:/intelfpga_lite/19.1/nios2eds/bin/gnu/h-x86_64-mingw32/bin/../lib/gcc/nios2-elf/8.3.1/../../../../../H-x86_64-mingw32/nios2-elf/lib/mno-hw-mul\libsmallc.a(lib_a-vfprintf.o)
 .debug_info    0x00000000000038e4      0x8c4 c:/intelfpga_lite/19.1/nios2eds/bin/gnu/h-x86_64-mingw32/bin/../lib/gcc/nios2-elf/8.3.1/../../../../../H-x86_64-mingw32/nios2-elf/lib/mno-hw-mul\libsmallc.a(lib_a-fvwrite_small_dev.o)
 .debug_info    0x00000000000041a8      0x6e8 c:/intelfpga_lite/19.1/nios2eds/bin/gnu/h-x86_64-mingw32/bin/../lib/gcc/nios2-elf/8.3.1/../../../../../H-x86_64-mingw32/nios2-elf/lib/mno-hw-mul\libsmallc.a(lib_a-impure.o)
 .debug_info    0x0000000000004890      0x720 c:/intelfpga_lite/19.1/nios2eds/bin/gnu/h-x86_64-mingw32/bin/../lib/gcc/nios2-elf/8.3.1/../../../../../H-x86_64-mingw32/nios2-elf/lib/mno-hw-mul\libsmallc.a(lib_a-writer.o)
 .debug_info    0x0000000000004fb0      0x614 c:/intelfpga_lite/19.1/nios2eds/bin/gnu/h-x86_64-mingw32/bin/../lib/gcc/nios2-elf/8.3.1/../../../../../H-x86_64-mingw32/nios2-elf/lib/mno-hw-mul\libsmallc.a(lib_a-int_errno.o)
 .debug_info    0x00000000000055c4      0x368 c:/intelfpga_lite/19.1/nios2eds/bin/gnu/h-x86_64-mingw32/bin/../lib/gcc/nios2-elf/8.3.1/mno-hw-mul\libgcc.a(lib2-divmod.o)
 .debug_info    0x000000000000592c       0xcb c:/intelfpga_lite/19.1/nios2eds/bin/gnu/h-x86_64-mingw32/bin/../lib/gcc/nios2-elf/8.3.1/mno-hw-mul\libgcc.a(lib2-mul.o)
 .debug_info    0x00000000000059f7      0xaea D:/Desktop/FPGA/Learn/hdmi_tx_1080p_60fps_nios_ii/software/n_bsp/\libhal_bsp.a(alt_load.o)
 .debug_info    0x00000000000064e1      0xeac D:/Desktop/FPGA/Learn/hdmi_tx_1080p_60fps_nios_ii/software/n_bsp/\libhal_bsp.a(alt_main.o)
 .debug_info    0x000000000000738d      0xf05 D:/Desktop/FPGA/Learn/hdmi_tx_1080p_60fps_nios_ii/software/n_bsp/\libhal_bsp.a(alt_write.o)
 .debug_info    0x0000000000008292      0xba6 D:/Desktop/FPGA/Learn/hdmi_tx_1080p_60fps_nios_ii/software/n_bsp/\libhal_bsp.a(alt_sys_init.o)
 .debug_info    0x0000000000008e38     0x2761 D:/Desktop/FPGA/Learn/hdmi_tx_1080p_60fps_nios_ii/software/n_bsp/\libhal_bsp.a(altera_avalon_i2c.o)
 .debug_info    0x000000000000b599      0xaa8 D:/Desktop/FPGA/Learn/hdmi_tx_1080p_60fps_nios_ii/software/n_bsp/\libhal_bsp.a(altera_avalon_jtag_uart_write.o)
 .debug_info    0x000000000000c041      0x97c D:/Desktop/FPGA/Learn/hdmi_tx_1080p_60fps_nios_ii/software/n_bsp/\libhal_bsp.a(alt_busy_sleep.o)
 .debug_info    0x000000000000c9bd      0x931 D:/Desktop/FPGA/Learn/hdmi_tx_1080p_60fps_nios_ii/software/n_bsp/\libhal_bsp.a(alt_dcache_flush_all.o)
 .debug_info    0x000000000000d2ee      0xa8c D:/Desktop/FPGA/Learn/hdmi_tx_1080p_60fps_nios_ii/software/n_bsp/\libhal_bsp.a(alt_dev_llist_insert.o)
 .debug_info    0x000000000000dd7a      0x96f D:/Desktop/FPGA/Learn/hdmi_tx_1080p_60fps_nios_ii/software/n_bsp/\libhal_bsp.a(alt_errno.o)
 .debug_info    0x000000000000e6e9      0xc09 D:/Desktop/FPGA/Learn/hdmi_tx_1080p_60fps_nios_ii/software/n_bsp/\libhal_bsp.a(alt_find_dev.o)
 .debug_info    0x000000000000f2f2      0x931 D:/Desktop/FPGA/Learn/hdmi_tx_1080p_60fps_nios_ii/software/n_bsp/\libhal_bsp.a(alt_icache_flush_all.o)
 .debug_info    0x000000000000fc23      0xcbb D:/Desktop/FPGA/Learn/hdmi_tx_1080p_60fps_nios_ii/software/n_bsp/\libhal_bsp.a(alt_iic.o)
 .debug_info    0x00000000000108de      0xb37 D:/Desktop/FPGA/Learn/hdmi_tx_1080p_60fps_nios_ii/software/n_bsp/\libhal_bsp.a(alt_iic_isr_register.o)
 .debug_info    0x0000000000011415       0x22 D:/Desktop/FPGA/Learn/hdmi_tx_1080p_60fps_nios_ii/software/n_bsp/\libhal_bsp.a(alt_irq_entry.o)
 .debug_info    0x0000000000011437      0xa68 D:/Desktop/FPGA/Learn/hdmi_tx_1080p_60fps_nios_ii/software/n_bsp/\libhal_bsp.a(alt_irq_handler.o)
 .debug_info    0x0000000000011e9f       0x8b D:/Desktop/FPGA/Learn/hdmi_tx_1080p_60fps_nios_ii/software/n_bsp/\libhal_bsp.a(alt_irq_vars.o)
 .debug_info    0x0000000000011f2a      0x952 D:/Desktop/FPGA/Learn/hdmi_tx_1080p_60fps_nios_ii/software/n_bsp/\libhal_bsp.a(altera_nios2_gen2_irq.o)
 .debug_info    0x000000000001287c       0x22 D:/Desktop/FPGA/Learn/hdmi_tx_1080p_60fps_nios_ii/software/n_bsp/\libhal_bsp.a(alt_exception_entry.o)
 .debug_info    0x000000000001289e      0x20f D:/Desktop/FPGA/Learn/hdmi_tx_1080p_60fps_nios_ii/software/n_bsp/\libhal_bsp.a(alt_instruction_exception_entry.o)
 .debug_info    0x0000000000012aad      0x684 c:/intelfpga_lite/19.1/nios2eds/bin/gnu/h-x86_64-mingw32/bin/../lib/gcc/nios2-elf/8.3.1/../../../../../H-x86_64-mingw32/nios2-elf/lib/mno-hw-mul\libsmallc.a(lib_a-memcmp.o)

.debug_abbrev   0x0000000000000000     0x418a
 *(.debug_abbrev)
 .debug_abbrev  0x0000000000000000       0x12 D:/Desktop/FPGA/Learn/hdmi_tx_1080p_60fps_nios_ii/software/n_bsp/obj/HAL/src/crt0.o
 .debug_abbrev  0x0000000000000012      0x2bc obj/default/hello_world_small.o
 .debug_abbrev  0x00000000000002ce      0x24e c:/intelfpga_lite/19.1/nios2eds/bin/gnu/h-x86_64-mingw32/bin/../lib/gcc/nios2-elf/8.3.1/../../../../../H-x86_64-mingw32/nios2-elf/lib/mno-hw-mul\libsmallc.a(lib_a-printf.o)
 .debug_abbrev  0x000000000000051c      0x225 c:/intelfpga_lite/19.1/nios2eds/bin/gnu/h-x86_64-mingw32/bin/../lib/gcc/nios2-elf/8.3.1/../../../../../H-x86_64-mingw32/nios2-elf/lib/mno-hw-mul\libsmallc.a(lib_a-puts.o)
 .debug_abbrev  0x0000000000000741      0x1a8 c:/intelfpga_lite/19.1/nios2eds/bin/gnu/h-x86_64-mingw32/bin/../lib/gcc/nios2-elf/8.3.1/../../../../../H-x86_64-mingw32/nios2-elf/lib/mno-hw-mul\libsmallc.a(lib_a-strlen.o)
 .debug_abbrev  0x00000000000008e9      0x34f c:/intelfpga_lite/19.1/nios2eds/bin/gnu/h-x86_64-mingw32/bin/../lib/gcc/nios2-elf/8.3.1/../../../../../H-x86_64-mingw32/nios2-elf/lib/mno-hw-mul\libsmallc.a(lib_a-vfprintf.o)
 .debug_abbrev  0x0000000000000c38      0x238 c:/intelfpga_lite/19.1/nios2eds/bin/gnu/h-x86_64-mingw32/bin/../lib/gcc/nios2-elf/8.3.1/../../../../../H-x86_64-mingw32/nios2-elf/lib/mno-hw-mul\libsmallc.a(lib_a-fvwrite_small_dev.o)
 .debug_abbrev  0x0000000000000e70      0x18d c:/intelfpga_lite/19.1/nios2eds/bin/gnu/h-x86_64-mingw32/bin/../lib/gcc/nios2-elf/8.3.1/../../../../../H-x86_64-mingw32/nios2-elf/lib/mno-hw-mul\libsmallc.a(lib_a-impure.o)
 .debug_abbrev  0x0000000000000ffd      0x1ec c:/intelfpga_lite/19.1/nios2eds/bin/gnu/h-x86_64-mingw32/bin/../lib/gcc/nios2-elf/8.3.1/../../../../../H-x86_64-mingw32/nios2-elf/lib/mno-hw-mul\libsmallc.a(lib_a-writer.o)
 .debug_abbrev  0x00000000000011e9      0x186 c:/intelfpga_lite/19.1/nios2eds/bin/gnu/h-x86_64-mingw32/bin/../lib/gcc/nios2-elf/8.3.1/../../../../../H-x86_64-mingw32/nios2-elf/lib/mno-hw-mul\libsmallc.a(lib_a-int_errno.o)
 .debug_abbrev  0x000000000000136f      0x103 c:/intelfpga_lite/19.1/nios2eds/bin/gnu/h-x86_64-mingw32/bin/../lib/gcc/nios2-elf/8.3.1/mno-hw-mul\libgcc.a(lib2-divmod.o)
 .debug_abbrev  0x0000000000001472       0x7d c:/intelfpga_lite/19.1/nios2eds/bin/gnu/h-x86_64-mingw32/bin/../lib/gcc/nios2-elf/8.3.1/mno-hw-mul\libgcc.a(lib2-mul.o)
 .debug_abbrev  0x00000000000014ef      0x277 D:/Desktop/FPGA/Learn/hdmi_tx_1080p_60fps_nios_ii/software/n_bsp/\libhal_bsp.a(alt_load.o)
 .debug_abbrev  0x0000000000001766      0x252 D:/Desktop/FPGA/Learn/hdmi_tx_1080p_60fps_nios_ii/software/n_bsp/\libhal_bsp.a(alt_main.o)
 .debug_abbrev  0x00000000000019b8      0x28a D:/Desktop/FPGA/Learn/hdmi_tx_1080p_60fps_nios_ii/software/n_bsp/\libhal_bsp.a(alt_write.o)
 .debug_abbrev  0x0000000000001c42      0x2a8 D:/Desktop/FPGA/Learn/hdmi_tx_1080p_60fps_nios_ii/software/n_bsp/\libhal_bsp.a(alt_sys_init.o)
 .debug_abbrev  0x0000000000001eea      0x5db D:/Desktop/FPGA/Learn/hdmi_tx_1080p_60fps_nios_ii/software/n_bsp/\libhal_bsp.a(altera_avalon_i2c.o)
 .debug_abbrev  0x00000000000024c5      0x251 D:/Desktop/FPGA/Learn/hdmi_tx_1080p_60fps_nios_ii/software/n_bsp/\libhal_bsp.a(altera_avalon_jtag_uart_write.o)
 .debug_abbrev  0x0000000000002716      0x21c D:/Desktop/FPGA/Learn/hdmi_tx_1080p_60fps_nios_ii/software/n_bsp/\libhal_bsp.a(alt_busy_sleep.o)
 .debug_abbrev  0x0000000000002932      0x1e0 D:/Desktop/FPGA/Learn/hdmi_tx_1080p_60fps_nios_ii/software/n_bsp/\libhal_bsp.a(alt_dcache_flush_all.o)
 .debug_abbrev  0x0000000000002b12      0x283 D:/Desktop/FPGA/Learn/hdmi_tx_1080p_60fps_nios_ii/software/n_bsp/\libhal_bsp.a(alt_dev_llist_insert.o)
 .debug_abbrev  0x0000000000002d95      0x1df D:/Desktop/FPGA/Learn/hdmi_tx_1080p_60fps_nios_ii/software/n_bsp/\libhal_bsp.a(alt_errno.o)
 .debug_abbrev  0x0000000000002f74      0x25c D:/Desktop/FPGA/Learn/hdmi_tx_1080p_60fps_nios_ii/software/n_bsp/\libhal_bsp.a(alt_find_dev.o)
 .debug_abbrev  0x00000000000031d0      0x1e0 D:/Desktop/FPGA/Learn/hdmi_tx_1080p_60fps_nios_ii/software/n_bsp/\libhal_bsp.a(alt_icache_flush_all.o)
 .debug_abbrev  0x00000000000033b0      0x328 D:/Desktop/FPGA/Learn/hdmi_tx_1080p_60fps_nios_ii/software/n_bsp/\libhal_bsp.a(alt_iic.o)
 .debug_abbrev  0x00000000000036d8      0x303 D:/Desktop/FPGA/Learn/hdmi_tx_1080p_60fps_nios_ii/software/n_bsp/\libhal_bsp.a(alt_iic_isr_register.o)
 .debug_abbrev  0x00000000000039db       0x12 D:/Desktop/FPGA/Learn/hdmi_tx_1080p_60fps_nios_ii/software/n_bsp/\libhal_bsp.a(alt_irq_entry.o)
 .debug_abbrev  0x00000000000039ed      0x28c D:/Desktop/FPGA/Learn/hdmi_tx_1080p_60fps_nios_ii/software/n_bsp/\libhal_bsp.a(alt_irq_handler.o)
 .debug_abbrev  0x0000000000003c79       0x44 D:/Desktop/FPGA/Learn/hdmi_tx_1080p_60fps_nios_ii/software/n_bsp/\libhal_bsp.a(alt_irq_vars.o)
 .debug_abbrev  0x0000000000003cbd      0x1e5 D:/Desktop/FPGA/Learn/hdmi_tx_1080p_60fps_nios_ii/software/n_bsp/\libhal_bsp.a(altera_nios2_gen2_irq.o)
 .debug_abbrev  0x0000000000003ea2       0x12 D:/Desktop/FPGA/Learn/hdmi_tx_1080p_60fps_nios_ii/software/n_bsp/\libhal_bsp.a(alt_exception_entry.o)
 .debug_abbrev  0x0000000000003eb4      0x116 D:/Desktop/FPGA/Learn/hdmi_tx_1080p_60fps_nios_ii/software/n_bsp/\libhal_bsp.a(alt_instruction_exception_entry.o)
 .debug_abbrev  0x0000000000003fca      0x1c0 c:/intelfpga_lite/19.1/nios2eds/bin/gnu/h-x86_64-mingw32/bin/../lib/gcc/nios2-elf/8.3.1/../../../../../H-x86_64-mingw32/nios2-elf/lib/mno-hw-mul\libsmallc.a(lib_a-memcmp.o)

.debug_line     0x0000000000000000     0x4e6f
 *(.debug_line)
 .debug_line    0x0000000000000000       0x66 D:/Desktop/FPGA/Learn/hdmi_tx_1080p_60fps_nios_ii/software/n_bsp/obj/HAL/src/crt0.o
 .debug_line    0x0000000000000066      0x322 obj/default/hello_world_small.o
 .debug_line    0x0000000000000388      0x261 c:/intelfpga_lite/19.1/nios2eds/bin/gnu/h-x86_64-mingw32/bin/../lib/gcc/nios2-elf/8.3.1/../../../../../H-x86_64-mingw32/nios2-elf/lib/mno-hw-mul\libsmallc.a(lib_a-printf.o)
 .debug_line    0x00000000000005e9      0x261 c:/intelfpga_lite/19.1/nios2eds/bin/gnu/h-x86_64-mingw32/bin/../lib/gcc/nios2-elf/8.3.1/../../../../../H-x86_64-mingw32/nios2-elf/lib/mno-hw-mul\libsmallc.a(lib_a-puts.o)
 .debug_line    0x000000000000084a      0x1f7 c:/intelfpga_lite/19.1/nios2eds/bin/gnu/h-x86_64-mingw32/bin/../lib/gcc/nios2-elf/8.3.1/../../../../../H-x86_64-mingw32/nios2-elf/lib/mno-hw-mul\libsmallc.a(lib_a-strlen.o)
 .debug_line    0x0000000000000a41      0x74a c:/intelfpga_lite/19.1/nios2eds/bin/gnu/h-x86_64-mingw32/bin/../lib/gcc/nios2-elf/8.3.1/../../../../../H-x86_64-mingw32/nios2-elf/lib/mno-hw-mul\libsmallc.a(lib_a-vfprintf.o)
 .debug_line    0x000000000000118b      0x270 c:/intelfpga_lite/19.1/nios2eds/bin/gnu/h-x86_64-mingw32/bin/../lib/gcc/nios2-elf/8.3.1/../../../../../H-x86_64-mingw32/nios2-elf/lib/mno-hw-mul\libsmallc.a(lib_a-fvwrite_small_dev.o)
 .debug_line    0x00000000000013fb      0x15a c:/intelfpga_lite/19.1/nios2eds/bin/gnu/h-x86_64-mingw32/bin/../lib/gcc/nios2-elf/8.3.1/../../../../../H-x86_64-mingw32/nios2-elf/lib/mno-hw-mul\libsmallc.a(lib_a-impure.o)
 .debug_line    0x0000000000001555      0x226 c:/intelfpga_lite/19.1/nios2eds/bin/gnu/h-x86_64-mingw32/bin/../lib/gcc/nios2-elf/8.3.1/../../../../../H-x86_64-mingw32/nios2-elf/lib/mno-hw-mul\libsmallc.a(lib_a-writer.o)
 .debug_line    0x000000000000177b      0x1cb c:/intelfpga_lite/19.1/nios2eds/bin/gnu/h-x86_64-mingw32/bin/../lib/gcc/nios2-elf/8.3.1/../../../../../H-x86_64-mingw32/nios2-elf/lib/mno-hw-mul\libsmallc.a(lib_a-int_errno.o)
 .debug_line    0x0000000000001946      0x307 c:/intelfpga_lite/19.1/nios2eds/bin/gnu/h-x86_64-mingw32/bin/../lib/gcc/nios2-elf/8.3.1/mno-hw-mul\libgcc.a(lib2-divmod.o)
 .debug_line    0x0000000000001c4d       0xb3 c:/intelfpga_lite/19.1/nios2eds/bin/gnu/h-x86_64-mingw32/bin/../lib/gcc/nios2-elf/8.3.1/mno-hw-mul\libgcc.a(lib2-mul.o)
 .debug_line    0x0000000000001d00      0x255 D:/Desktop/FPGA/Learn/hdmi_tx_1080p_60fps_nios_ii/software/n_bsp/\libhal_bsp.a(alt_load.o)
 .debug_line    0x0000000000001f55      0x2f7 D:/Desktop/FPGA/Learn/hdmi_tx_1080p_60fps_nios_ii/software/n_bsp/\libhal_bsp.a(alt_main.o)
 .debug_line    0x000000000000224c      0x2dd D:/Desktop/FPGA/Learn/hdmi_tx_1080p_60fps_nios_ii/software/n_bsp/\libhal_bsp.a(alt_write.o)
 .debug_line    0x0000000000002529      0x20c D:/Desktop/FPGA/Learn/hdmi_tx_1080p_60fps_nios_ii/software/n_bsp/\libhal_bsp.a(alt_sys_init.o)
 .debug_line    0x0000000000002735      0xea8 D:/Desktop/FPGA/Learn/hdmi_tx_1080p_60fps_nios_ii/software/n_bsp/\libhal_bsp.a(altera_avalon_i2c.o)
 .debug_line    0x00000000000035dd      0x243 D:/Desktop/FPGA/Learn/hdmi_tx_1080p_60fps_nios_ii/software/n_bsp/\libhal_bsp.a(altera_avalon_jtag_uart_write.o)
 .debug_line    0x0000000000003820      0x1d0 D:/Desktop/FPGA/Learn/hdmi_tx_1080p_60fps_nios_ii/software/n_bsp/\libhal_bsp.a(alt_busy_sleep.o)
 .debug_line    0x00000000000039f0      0x17f D:/Desktop/FPGA/Learn/hdmi_tx_1080p_60fps_nios_ii/software/n_bsp/\libhal_bsp.a(alt_dcache_flush_all.o)
 .debug_line    0x0000000000003b6f      0x219 D:/Desktop/FPGA/Learn/hdmi_tx_1080p_60fps_nios_ii/software/n_bsp/\libhal_bsp.a(alt_dev_llist_insert.o)
 .debug_line    0x0000000000003d88      0x131 D:/Desktop/FPGA/Learn/hdmi_tx_1080p_60fps_nios_ii/software/n_bsp/\libhal_bsp.a(alt_errno.o)
 .debug_line    0x0000000000003eb9      0x215 D:/Desktop/FPGA/Learn/hdmi_tx_1080p_60fps_nios_ii/software/n_bsp/\libhal_bsp.a(alt_find_dev.o)
 .debug_line    0x00000000000040ce      0x17d D:/Desktop/FPGA/Learn/hdmi_tx_1080p_60fps_nios_ii/software/n_bsp/\libhal_bsp.a(alt_icache_flush_all.o)
 .debug_line    0x000000000000424b      0x272 D:/Desktop/FPGA/Learn/hdmi_tx_1080p_60fps_nios_ii/software/n_bsp/\libhal_bsp.a(alt_iic.o)
 .debug_line    0x00000000000044bd      0x22e D:/Desktop/FPGA/Learn/hdmi_tx_1080p_60fps_nios_ii/software/n_bsp/\libhal_bsp.a(alt_iic_isr_register.o)
 .debug_line    0x00000000000046eb       0x6b D:/Desktop/FPGA/Learn/hdmi_tx_1080p_60fps_nios_ii/software/n_bsp/\libhal_bsp.a(alt_irq_entry.o)
 .debug_line    0x0000000000004756      0x1f4 D:/Desktop/FPGA/Learn/hdmi_tx_1080p_60fps_nios_ii/software/n_bsp/\libhal_bsp.a(alt_irq_handler.o)
 .debug_line    0x000000000000494a       0x50 D:/Desktop/FPGA/Learn/hdmi_tx_1080p_60fps_nios_ii/software/n_bsp/\libhal_bsp.a(alt_irq_vars.o)
 .debug_line    0x000000000000499a      0x139 D:/Desktop/FPGA/Learn/hdmi_tx_1080p_60fps_nios_ii/software/n_bsp/\libhal_bsp.a(altera_nios2_gen2_irq.o)
 .debug_line    0x0000000000004ad3       0xb3 D:/Desktop/FPGA/Learn/hdmi_tx_1080p_60fps_nios_ii/software/n_bsp/\libhal_bsp.a(alt_exception_entry.o)
 .debug_line    0x0000000000004b86       0xe3 D:/Desktop/FPGA/Learn/hdmi_tx_1080p_60fps_nios_ii/software/n_bsp/\libhal_bsp.a(alt_instruction_exception_entry.o)
 .debug_line    0x0000000000004c69      0x206 c:/intelfpga_lite/19.1/nios2eds/bin/gnu/h-x86_64-mingw32/bin/../lib/gcc/nios2-elf/8.3.1/../../../../../H-x86_64-mingw32/nios2-elf/lib/mno-hw-mul\libsmallc.a(lib_a-memcmp.o)

.debug_frame    0x0000000000000000      0x9e4
 *(.debug_frame)
 .debug_frame   0x0000000000000000       0x3c obj/default/hello_world_small.o
 .debug_frame   0x000000000000003c       0x48 c:/intelfpga_lite/19.1/nios2eds/bin/gnu/h-x86_64-mingw32/bin/../lib/gcc/nios2-elf/8.3.1/../../../../../H-x86_64-mingw32/nios2-elf/lib/mno-hw-mul\libsmallc.a(lib_a-printf.o)
 .debug_frame   0x0000000000000084       0x48 c:/intelfpga_lite/19.1/nios2eds/bin/gnu/h-x86_64-mingw32/bin/../lib/gcc/nios2-elf/8.3.1/../../../../../H-x86_64-mingw32/nios2-elf/lib/mno-hw-mul\libsmallc.a(lib_a-puts.o)
 .debug_frame   0x00000000000000cc       0x20 c:/intelfpga_lite/19.1/nios2eds/bin/gnu/h-x86_64-mingw32/bin/../lib/gcc/nios2-elf/8.3.1/../../../../../H-x86_64-mingw32/nios2-elf/lib/mno-hw-mul\libsmallc.a(lib_a-strlen.o)
 .debug_frame   0x00000000000000ec       0x90 c:/intelfpga_lite/19.1/nios2eds/bin/gnu/h-x86_64-mingw32/bin/../lib/gcc/nios2-elf/8.3.1/../../../../../H-x86_64-mingw32/nios2-elf/lib/mno-hw-mul\libsmallc.a(lib_a-vfprintf.o)
 .debug_frame   0x000000000000017c       0x3c c:/intelfpga_lite/19.1/nios2eds/bin/gnu/h-x86_64-mingw32/bin/../lib/gcc/nios2-elf/8.3.1/../../../../../H-x86_64-mingw32/nios2-elf/lib/mno-hw-mul\libsmallc.a(lib_a-fvwrite_small_dev.o)
 .debug_frame   0x00000000000001b8       0x30 c:/intelfpga_lite/19.1/nios2eds/bin/gnu/h-x86_64-mingw32/bin/../lib/gcc/nios2-elf/8.3.1/../../../../../H-x86_64-mingw32/nios2-elf/lib/mno-hw-mul\libsmallc.a(lib_a-writer.o)
 .debug_frame   0x00000000000001e8       0x50 c:/intelfpga_lite/19.1/nios2eds/bin/gnu/h-x86_64-mingw32/bin/../lib/gcc/nios2-elf/8.3.1/mno-hw-mul\libgcc.a(lib2-divmod.o)
 .debug_frame   0x0000000000000238       0x20 c:/intelfpga_lite/19.1/nios2eds/bin/gnu/h-x86_64-mingw32/bin/../lib/gcc/nios2-elf/8.3.1/mno-hw-mul\libgcc.a(lib2-mul.o)
 .debug_frame   0x0000000000000258       0x30 D:/Desktop/FPGA/Learn/hdmi_tx_1080p_60fps_nios_ii/software/n_bsp/\libhal_bsp.a(alt_load.o)
 .debug_frame   0x0000000000000288       0x2c D:/Desktop/FPGA/Learn/hdmi_tx_1080p_60fps_nios_ii/software/n_bsp/\libhal_bsp.a(alt_main.o)
 .debug_frame   0x00000000000002b4       0x2c D:/Desktop/FPGA/Learn/hdmi_tx_1080p_60fps_nios_ii/software/n_bsp/\libhal_bsp.a(alt_write.o)
 .debug_frame   0x00000000000002e0       0x3c D:/Desktop/FPGA/Learn/hdmi_tx_1080p_60fps_nios_ii/software/n_bsp/\libhal_bsp.a(alt_sys_init.o)
 .debug_frame   0x000000000000031c      0x49c D:/Desktop/FPGA/Learn/hdmi_tx_1080p_60fps_nios_ii/software/n_bsp/\libhal_bsp.a(altera_avalon_i2c.o)
 .debug_frame   0x00000000000007b8       0x20 D:/Desktop/FPGA/Learn/hdmi_tx_1080p_60fps_nios_ii/software/n_bsp/\libhal_bsp.a(altera_avalon_jtag_uart_write.o)
 .debug_frame   0x00000000000007d8       0x34 D:/Desktop/FPGA/Learn/hdmi_tx_1080p_60fps_nios_ii/software/n_bsp/\libhal_bsp.a(alt_busy_sleep.o)
 .debug_frame   0x000000000000080c       0x20 D:/Desktop/FPGA/Learn/hdmi_tx_1080p_60fps_nios_ii/software/n_bsp/\libhal_bsp.a(alt_dcache_flush_all.o)
 .debug_frame   0x000000000000082c       0x2c D:/Desktop/FPGA/Learn/hdmi_tx_1080p_60fps_nios_ii/software/n_bsp/\libhal_bsp.a(alt_dev_llist_insert.o)
 .debug_frame   0x0000000000000858       0x40 D:/Desktop/FPGA/Learn/hdmi_tx_1080p_60fps_nios_ii/software/n_bsp/\libhal_bsp.a(alt_find_dev.o)
 .debug_frame   0x0000000000000898       0x20 D:/Desktop/FPGA/Learn/hdmi_tx_1080p_60fps_nios_ii/software/n_bsp/\libhal_bsp.a(alt_icache_flush_all.o)
 .debug_frame   0x00000000000008b8       0x50 D:/Desktop/FPGA/Learn/hdmi_tx_1080p_60fps_nios_ii/software/n_bsp/\libhal_bsp.a(alt_iic.o)
 .debug_frame   0x0000000000000908       0x38 D:/Desktop/FPGA/Learn/hdmi_tx_1080p_60fps_nios_ii/software/n_bsp/\libhal_bsp.a(alt_iic_isr_register.o)
 .debug_frame   0x0000000000000940       0x34 D:/Desktop/FPGA/Learn/hdmi_tx_1080p_60fps_nios_ii/software/n_bsp/\libhal_bsp.a(alt_irq_handler.o)
 .debug_frame   0x0000000000000974       0x20 D:/Desktop/FPGA/Learn/hdmi_tx_1080p_60fps_nios_ii/software/n_bsp/\libhal_bsp.a(altera_nios2_gen2_irq.o)
 .debug_frame   0x0000000000000994       0x30 D:/Desktop/FPGA/Learn/hdmi_tx_1080p_60fps_nios_ii/software/n_bsp/\libhal_bsp.a(alt_instruction_exception_entry.o)
 .debug_frame   0x00000000000009c4       0x20 c:/intelfpga_lite/19.1/nios2eds/bin/gnu/h-x86_64-mingw32/bin/../lib/gcc/nios2-elf/8.3.1/../../../../../H-x86_64-mingw32/nios2-elf/lib/mno-hw-mul\libsmallc.a(lib_a-memcmp.o)

.debug_str      0x0000000000000000     0x27ee
 *(.debug_str)
 .debug_str     0x0000000000000000       0x5f D:/Desktop/FPGA/Learn/hdmi_tx_1080p_60fps_nios_ii/software/n_bsp/obj/HAL/src/crt0.o
 .debug_str     0x000000000000005f      0x66d obj/default/hello_world_small.o
                                        0x75e (size before relaxing)
 .debug_str     0x00000000000006cc      0x301 c:/intelfpga_lite/19.1/nios2eds/bin/gnu/h-x86_64-mingw32/bin/../lib/gcc/nios2-elf/8.3.1/../../../../../H-x86_64-mingw32/nios2-elf/lib/mno-hw-mul\libsmallc.a(lib_a-printf.o)
                                        0x65a (size before relaxing)
 .debug_str     0x00000000000009cd       0x60 c:/intelfpga_lite/19.1/nios2eds/bin/gnu/h-x86_64-mingw32/bin/../lib/gcc/nios2-elf/8.3.1/../../../../../H-x86_64-mingw32/nios2-elf/lib/mno-hw-mul\libsmallc.a(lib_a-puts.o)
                                        0x623 (size before relaxing)
 .debug_str     0x0000000000000a2d       0xd4 c:/intelfpga_lite/19.1/nios2eds/bin/gnu/h-x86_64-mingw32/bin/../lib/gcc/nios2-elf/8.3.1/../../../../../H-x86_64-mingw32/nios2-elf/lib/mno-hw-mul\libsmallc.a(lib_a-strlen.o)
                                        0x4d0 (size before relaxing)
 .debug_str     0x0000000000000b01      0x447 c:/intelfpga_lite/19.1/nios2eds/bin/gnu/h-x86_64-mingw32/bin/../lib/gcc/nios2-elf/8.3.1/../../../../../H-x86_64-mingw32/nios2-elf/lib/mno-hw-mul\libsmallc.a(lib_a-vfprintf.o)
                                        0xb4d (size before relaxing)
 .debug_str     0x0000000000000f48       0x65 c:/intelfpga_lite/19.1/nios2eds/bin/gnu/h-x86_64-mingw32/bin/../lib/gcc/nios2-elf/8.3.1/../../../../../H-x86_64-mingw32/nios2-elf/lib/mno-hw-mul\libsmallc.a(lib_a-fvwrite_small_dev.o)
                                        0x636 (size before relaxing)
 .debug_str     0x0000000000000fad      0x11d c:/intelfpga_lite/19.1/nios2eds/bin/gnu/h-x86_64-mingw32/bin/../lib/gcc/nios2-elf/8.3.1/../../../../../H-x86_64-mingw32/nios2-elf/lib/mno-hw-mul\libsmallc.a(lib_a-impure.o)
                                        0x527 (size before relaxing)
 .debug_str     0x00000000000010ca       0x47 c:/intelfpga_lite/19.1/nios2eds/bin/gnu/h-x86_64-mingw32/bin/../lib/gcc/nios2-elf/8.3.1/../../../../../H-x86_64-mingw32/nios2-elf/lib/mno-hw-mul\libsmallc.a(lib_a-writer.o)
                                        0x50c (size before relaxing)
 .debug_str     0x0000000000001111       0x41 c:/intelfpga_lite/19.1/nios2eds/bin/gnu/h-x86_64-mingw32/bin/../lib/gcc/nios2-elf/8.3.1/../../../../../H-x86_64-mingw32/nios2-elf/lib/mno-hw-mul\libsmallc.a(lib_a-int_errno.o)
                                        0x4cd (size before relaxing)
 .debug_str     0x0000000000001152      0x192 c:/intelfpga_lite/19.1/nios2eds/bin/gnu/h-x86_64-mingw32/bin/../lib/gcc/nios2-elf/8.3.1/mno-hw-mul\libgcc.a(lib2-divmod.o)
                                        0x1dd (size before relaxing)
 .debug_str     0x00000000000012e4       0x42 c:/intelfpga_lite/19.1/nios2eds/bin/gnu/h-x86_64-mingw32/bin/../lib/gcc/nios2-elf/8.3.1/mno-hw-mul\libgcc.a(lib2-mul.o)
                                        0x19e (size before relaxing)
 .debug_str     0x0000000000001326      0x113 D:/Desktop/FPGA/Learn/hdmi_tx_1080p_60fps_nios_ii/software/n_bsp/\libhal_bsp.a(alt_load.o)
                                        0x62c (size before relaxing)
 .debug_str     0x0000000000001439      0x1fc D:/Desktop/FPGA/Learn/hdmi_tx_1080p_60fps_nios_ii/software/n_bsp/\libhal_bsp.a(alt_main.o)
                                        0x7e7 (size before relaxing)
 .debug_str     0x0000000000001635       0x76 D:/Desktop/FPGA/Learn/hdmi_tx_1080p_60fps_nios_ii/software/n_bsp/\libhal_bsp.a(alt_write.o)
                                        0x802 (size before relaxing)
 .debug_str     0x00000000000016ab       0xaa D:/Desktop/FPGA/Learn/hdmi_tx_1080p_60fps_nios_ii/software/n_bsp/\libhal_bsp.a(alt_sys_init.o)
                                        0x791 (size before relaxing)
 .debug_str     0x0000000000001755      0x934 D:/Desktop/FPGA/Learn/hdmi_tx_1080p_60fps_nios_ii/software/n_bsp/\libhal_bsp.a(altera_avalon_i2c.o)
                                       0x10de (size before relaxing)
 .debug_str     0x0000000000002089       0x2c D:/Desktop/FPGA/Learn/hdmi_tx_1080p_60fps_nios_ii/software/n_bsp/\libhal_bsp.a(altera_avalon_jtag_uart_write.o)
                                        0x630 (size before relaxing)
 .debug_str     0x00000000000020b5       0x33 D:/Desktop/FPGA/Learn/hdmi_tx_1080p_60fps_nios_ii/software/n_bsp/\libhal_bsp.a(alt_busy_sleep.o)
                                        0x551 (size before relaxing)
 .debug_str     0x00000000000020e8       0x1f D:/Desktop/FPGA/Learn/hdmi_tx_1080p_60fps_nios_ii/software/n_bsp/\libhal_bsp.a(alt_dcache_flush_all.o)
                                        0x545 (size before relaxing)
 .debug_str     0x0000000000002107       0x30 D:/Desktop/FPGA/Learn/hdmi_tx_1080p_60fps_nios_ii/software/n_bsp/\libhal_bsp.a(alt_dev_llist_insert.o)
                                        0x5c9 (size before relaxing)
 .debug_str     0x0000000000002137       0x14 D:/Desktop/FPGA/Learn/hdmi_tx_1080p_60fps_nios_ii/software/n_bsp/\libhal_bsp.a(alt_errno.o)
                                        0x542 (size before relaxing)
 .debug_str     0x000000000000214b       0x1e D:/Desktop/FPGA/Learn/hdmi_tx_1080p_60fps_nios_ii/software/n_bsp/\libhal_bsp.a(alt_find_dev.o)
                                        0x603 (size before relaxing)
 .debug_str     0x0000000000002169       0x1f D:/Desktop/FPGA/Learn/hdmi_tx_1080p_60fps_nios_ii/software/n_bsp/\libhal_bsp.a(alt_icache_flush_all.o)
                                        0x545 (size before relaxing)
 .debug_str     0x0000000000002188       0xac D:/Desktop/FPGA/Learn/hdmi_tx_1080p_60fps_nios_ii/software/n_bsp/\libhal_bsp.a(alt_iic.o)
                                        0x63e (size before relaxing)
 .debug_str     0x0000000000002234       0x37 D:/Desktop/FPGA/Learn/hdmi_tx_1080p_60fps_nios_ii/software/n_bsp/\libhal_bsp.a(alt_iic_isr_register.o)
                                        0x60a (size before relaxing)
 .debug_str     0x000000000000226b       0x18 D:/Desktop/FPGA/Learn/hdmi_tx_1080p_60fps_nios_ii/software/n_bsp/\libhal_bsp.a(alt_irq_entry.o)
                                         0x68 (size before relaxing)
 .debug_str     0x0000000000002283       0x3a D:/Desktop/FPGA/Learn/hdmi_tx_1080p_60fps_nios_ii/software/n_bsp/\libhal_bsp.a(alt_irq_handler.o)
                                        0x594 (size before relaxing)
 .debug_str     0x00000000000022bd       0x29 D:/Desktop/FPGA/Learn/hdmi_tx_1080p_60fps_nios_ii/software/n_bsp/\libhal_bsp.a(alt_irq_vars.o)
                                        0x14a (size before relaxing)
 .debug_str     0x00000000000022e6       0x20 D:/Desktop/FPGA/Learn/hdmi_tx_1080p_60fps_nios_ii/software/n_bsp/\libhal_bsp.a(altera_nios2_gen2_irq.o)
                                        0x559 (size before relaxing)
 .debug_str     0x0000000000002306       0x1e D:/Desktop/FPGA/Learn/hdmi_tx_1080p_60fps_nios_ii/software/n_bsp/\libhal_bsp.a(alt_exception_entry.o)
                                         0x6e (size before relaxing)
 .debug_str     0x0000000000002324      0x48b D:/Desktop/FPGA/Learn/hdmi_tx_1080p_60fps_nios_ii/software/n_bsp/\libhal_bsp.a(alt_instruction_exception_entry.o)
                                        0x5b0 (size before relaxing)
 .debug_str     0x00000000000027af       0x3f c:/intelfpga_lite/19.1/nios2eds/bin/gnu/h-x86_64-mingw32/bin/../lib/gcc/nios2-elf/8.3.1/../../../../../H-x86_64-mingw32/nios2-elf/lib/mno-hw-mul\libsmallc.a(lib_a-memcmp.o)
                                        0x4ca (size before relaxing)

.debug_loc      0x0000000000000000     0x39af
 *(.debug_loc)
 .debug_loc     0x0000000000000000       0x83 obj/default/hello_world_small.o
 .debug_loc     0x0000000000000083      0x10a c:/intelfpga_lite/19.1/nios2eds/bin/gnu/h-x86_64-mingw32/bin/../lib/gcc/nios2-elf/8.3.1/../../../../../H-x86_64-mingw32/nios2-elf/lib/mno-hw-mul\libsmallc.a(lib_a-printf.o)
 .debug_loc     0x000000000000018d       0xab c:/intelfpga_lite/19.1/nios2eds/bin/gnu/h-x86_64-mingw32/bin/../lib/gcc/nios2-elf/8.3.1/../../../../../H-x86_64-mingw32/nios2-elf/lib/mno-hw-mul\libsmallc.a(lib_a-puts.o)
 .debug_loc     0x0000000000000238       0x44 c:/intelfpga_lite/19.1/nios2eds/bin/gnu/h-x86_64-mingw32/bin/../lib/gcc/nios2-elf/8.3.1/../../../../../H-x86_64-mingw32/nios2-elf/lib/mno-hw-mul\libsmallc.a(lib_a-strlen.o)
 .debug_loc     0x000000000000027c      0xb4a c:/intelfpga_lite/19.1/nios2eds/bin/gnu/h-x86_64-mingw32/bin/../lib/gcc/nios2-elf/8.3.1/../../../../../H-x86_64-mingw32/nios2-elf/lib/mno-hw-mul\libsmallc.a(lib_a-vfprintf.o)
 .debug_loc     0x0000000000000dc6      0x123 c:/intelfpga_lite/19.1/nios2eds/bin/gnu/h-x86_64-mingw32/bin/../lib/gcc/nios2-elf/8.3.1/../../../../../H-x86_64-mingw32/nios2-elf/lib/mno-hw-mul\libsmallc.a(lib_a-fvwrite_small_dev.o)
 .debug_loc     0x0000000000000ee9       0xd0 c:/intelfpga_lite/19.1/nios2eds/bin/gnu/h-x86_64-mingw32/bin/../lib/gcc/nios2-elf/8.3.1/../../../../../H-x86_64-mingw32/nios2-elf/lib/mno-hw-mul\libsmallc.a(lib_a-writer.o)
 .debug_loc     0x0000000000000fb9      0x5f7 c:/intelfpga_lite/19.1/nios2eds/bin/gnu/h-x86_64-mingw32/bin/../lib/gcc/nios2-elf/8.3.1/mno-hw-mul\libgcc.a(lib2-divmod.o)
 .debug_loc     0x00000000000015b0       0xa7 c:/intelfpga_lite/19.1/nios2eds/bin/gnu/h-x86_64-mingw32/bin/../lib/gcc/nios2-elf/8.3.1/mno-hw-mul\libgcc.a(lib2-mul.o)
 .debug_loc     0x0000000000001657       0x66 D:/Desktop/FPGA/Learn/hdmi_tx_1080p_60fps_nios_ii/software/n_bsp/\libhal_bsp.a(alt_load.o)
 .debug_loc     0x00000000000016bd       0xc3 D:/Desktop/FPGA/Learn/hdmi_tx_1080p_60fps_nios_ii/software/n_bsp/\libhal_bsp.a(alt_write.o)
 .debug_loc     0x0000000000001780       0x25 D:/Desktop/FPGA/Learn/hdmi_tx_1080p_60fps_nios_ii/software/n_bsp/\libhal_bsp.a(alt_sys_init.o)
 .debug_loc     0x00000000000017a5     0x19bc D:/Desktop/FPGA/Learn/hdmi_tx_1080p_60fps_nios_ii/software/n_bsp/\libhal_bsp.a(altera_avalon_i2c.o)
 .debug_loc     0x0000000000003161       0x93 D:/Desktop/FPGA/Learn/hdmi_tx_1080p_60fps_nios_ii/software/n_bsp/\libhal_bsp.a(altera_avalon_jtag_uart_write.o)
 .debug_loc     0x00000000000031f4       0xd5 D:/Desktop/FPGA/Learn/hdmi_tx_1080p_60fps_nios_ii/software/n_bsp/\libhal_bsp.a(alt_busy_sleep.o)
 .debug_loc     0x00000000000032c9       0x8e D:/Desktop/FPGA/Learn/hdmi_tx_1080p_60fps_nios_ii/software/n_bsp/\libhal_bsp.a(alt_dev_llist_insert.o)
 .debug_loc     0x0000000000003357       0xc2 D:/Desktop/FPGA/Learn/hdmi_tx_1080p_60fps_nios_ii/software/n_bsp/\libhal_bsp.a(alt_find_dev.o)
 .debug_loc     0x0000000000003419      0x19b D:/Desktop/FPGA/Learn/hdmi_tx_1080p_60fps_nios_ii/software/n_bsp/\libhal_bsp.a(alt_iic.o)
 .debug_loc     0x00000000000035b4      0x23c D:/Desktop/FPGA/Learn/hdmi_tx_1080p_60fps_nios_ii/software/n_bsp/\libhal_bsp.a(alt_iic_isr_register.o)
 .debug_loc     0x00000000000037f0       0xac D:/Desktop/FPGA/Learn/hdmi_tx_1080p_60fps_nios_ii/software/n_bsp/\libhal_bsp.a(alt_irq_handler.o)
 .debug_loc     0x000000000000389c       0x63 D:/Desktop/FPGA/Learn/hdmi_tx_1080p_60fps_nios_ii/software/n_bsp/\libhal_bsp.a(alt_instruction_exception_entry.o)
 .debug_loc     0x00000000000038ff       0xb0 c:/intelfpga_lite/19.1/nios2eds/bin/gnu/h-x86_64-mingw32/bin/../lib/gcc/nios2-elf/8.3.1/../../../../../H-x86_64-mingw32/nios2-elf/lib/mno-hw-mul\libsmallc.a(lib_a-memcmp.o)

.debug_macinfo
 *(.debug_macinfo)

.debug_weaknames
 *(.debug_weaknames)

.debug_funcnames
 *(.debug_funcnames)

.debug_typenames
 *(.debug_typenames)

.debug_varnames
 *(.debug_varnames)

.debug_alt_sim_info
                0x0000000000000000       0x40
 *(.debug_alt_sim_info)
 .debug_alt_sim_info
                0x0000000000000000       0x10 D:/Desktop/FPGA/Learn/hdmi_tx_1080p_60fps_nios_ii/software/n_bsp/obj/HAL/src/crt0.o
 .debug_alt_sim_info
                0x0000000000000010       0x30 D:/Desktop/FPGA/Learn/hdmi_tx_1080p_60fps_nios_ii/software/n_bsp/\libhal_bsp.a(alt_busy_sleep.o)
                0x000000000003001c                __alt_data_end = 0x3001c
                0x000000000003001c                PROVIDE (__alt_stack_pointer = __alt_data_end)
                [!provide]                        PROVIDE (__alt_stack_limit = __alt_stack_base)
                [!provide]                        PROVIDE (__alt_heap_start = end)
                [!provide]                        PROVIDE (__alt_heap_limit = 0x3001c)
OUTPUT(n.elf elf32-littlenios2)

.debug_ranges   0x0000000000000000      0x3f8
 .debug_ranges  0x0000000000000000       0x20 D:/Desktop/FPGA/Learn/hdmi_tx_1080p_60fps_nios_ii/software/n_bsp/obj/HAL/src/crt0.o
 .debug_ranges  0x0000000000000020       0x48 obj/default/hello_world_small.o
 .debug_ranges  0x0000000000000068       0x18 c:/intelfpga_lite/19.1/nios2eds/bin/gnu/h-x86_64-mingw32/bin/../lib/gcc/nios2-elf/8.3.1/../../../../../H-x86_64-mingw32/nios2-elf/lib/mno-hw-mul\libsmallc.a(lib_a-printf.o)
 .debug_ranges  0x0000000000000080       0x18 c:/intelfpga_lite/19.1/nios2eds/bin/gnu/h-x86_64-mingw32/bin/../lib/gcc/nios2-elf/8.3.1/../../../../../H-x86_64-mingw32/nios2-elf/lib/mno-hw-mul\libsmallc.a(lib_a-puts.o)
 .debug_ranges  0x0000000000000098       0x10 c:/intelfpga_lite/19.1/nios2eds/bin/gnu/h-x86_64-mingw32/bin/../lib/gcc/nios2-elf/8.3.1/../../../../../H-x86_64-mingw32/nios2-elf/lib/mno-hw-mul\libsmallc.a(lib_a-strlen.o)
 .debug_ranges  0x00000000000000a8       0xe8 c:/intelfpga_lite/19.1/nios2eds/bin/gnu/h-x86_64-mingw32/bin/../lib/gcc/nios2-elf/8.3.1/../../../../../H-x86_64-mingw32/nios2-elf/lib/mno-hw-mul\libsmallc.a(lib_a-vfprintf.o)
 .debug_ranges  0x0000000000000190       0x10 c:/intelfpga_lite/19.1/nios2eds/bin/gnu/h-x86_64-mingw32/bin/../lib/gcc/nios2-elf/8.3.1/../../../../../H-x86_64-mingw32/nios2-elf/lib/mno-hw-mul\libsmallc.a(lib_a-fvwrite_small_dev.o)
 .debug_ranges  0x00000000000001a0       0x10 c:/intelfpga_lite/19.1/nios2eds/bin/gnu/h-x86_64-mingw32/bin/../lib/gcc/nios2-elf/8.3.1/../../../../../H-x86_64-mingw32/nios2-elf/lib/mno-hw-mul\libsmallc.a(lib_a-writer.o)
 .debug_ranges  0x00000000000001b0       0x70 c:/intelfpga_lite/19.1/nios2eds/bin/gnu/h-x86_64-mingw32/bin/../lib/gcc/nios2-elf/8.3.1/mno-hw-mul\libgcc.a(lib2-divmod.o)
 .debug_ranges  0x0000000000000220       0xa0 D:/Desktop/FPGA/Learn/hdmi_tx_1080p_60fps_nios_ii/software/n_bsp/\libhal_bsp.a(alt_load.o)
 .debug_ranges  0x00000000000002c0       0x20 D:/Desktop/FPGA/Learn/hdmi_tx_1080p_60fps_nios_ii/software/n_bsp/\libhal_bsp.a(alt_write.o)
 .debug_ranges  0x00000000000002e0       0x38 D:/Desktop/FPGA/Learn/hdmi_tx_1080p_60fps_nios_ii/software/n_bsp/\libhal_bsp.a(altera_avalon_i2c.o)
 .debug_ranges  0x0000000000000318       0x20 D:/Desktop/FPGA/Learn/hdmi_tx_1080p_60fps_nios_ii/software/n_bsp/\libhal_bsp.a(alt_dev_llist_insert.o)
 .debug_ranges  0x0000000000000338       0x18 D:/Desktop/FPGA/Learn/hdmi_tx_1080p_60fps_nios_ii/software/n_bsp/\libhal_bsp.a(alt_iic_isr_register.o)
 .debug_ranges  0x0000000000000350       0x28 D:/Desktop/FPGA/Learn/hdmi_tx_1080p_60fps_nios_ii/software/n_bsp/\libhal_bsp.a(alt_irq_entry.o)
 .debug_ranges  0x0000000000000378       0x28 D:/Desktop/FPGA/Learn/hdmi_tx_1080p_60fps_nios_ii/software/n_bsp/\libhal_bsp.a(alt_irq_handler.o)
 .debug_ranges  0x00000000000003a0       0x30 D:/Desktop/FPGA/Learn/hdmi_tx_1080p_60fps_nios_ii/software/n_bsp/\libhal_bsp.a(alt_exception_entry.o)
 .debug_ranges  0x00000000000003d0       0x18 D:/Desktop/FPGA/Learn/hdmi_tx_1080p_60fps_nios_ii/software/n_bsp/\libhal_bsp.a(alt_instruction_exception_entry.o)
 .debug_ranges  0x00000000000003e8       0x10 c:/intelfpga_lite/19.1/nios2eds/bin/gnu/h-x86_64-mingw32/bin/../lib/gcc/nios2-elf/8.3.1/../../../../../H-x86_64-mingw32/nios2-elf/lib/mno-hw-mul\libsmallc.a(lib_a-memcmp.o)
